Archive member included to satisfy reference by file (symbol)

c:/st/stm32cubeide_1.8.0/stm32cubeide/plugins/com.st.stm32cube.ide.mcu.externaltools.gnu-tools-for-stm32.9-2020-q2-update.win32_2.0.0.202105311346/tools/bin/../lib/gcc/arm-none-eabi/9.3.1/../../../../arm-none-eabi/lib/thumb/v7e-m+dp/hard\libc_nano.a(lib_a-errno.o)
                              ./Core/Src/syscalls.o (__errno)
c:/st/stm32cubeide_1.8.0/stm32cubeide/plugins/com.st.stm32cube.ide.mcu.externaltools.gnu-tools-for-stm32.9-2020-q2-update.win32_2.0.0.202105311346/tools/bin/../lib/gcc/arm-none-eabi/9.3.1/../../../../arm-none-eabi/lib/thumb/v7e-m+dp/hard\libc_nano.a(lib_a-exit.o)
                              c:/st/stm32cubeide_1.8.0/stm32cubeide/plugins/com.st.stm32cube.ide.mcu.externaltools.gnu-tools-for-stm32.9-2020-q2-update.win32_2.0.0.202105311346/tools/bin/../lib/gcc/arm-none-eabi/9.3.1/../../../../arm-none-eabi/lib/thumb/v7e-m+dp/hard/crt0.o (exit)
c:/st/stm32cubeide_1.8.0/stm32cubeide/plugins/com.st.stm32cube.ide.mcu.externaltools.gnu-tools-for-stm32.9-2020-q2-update.win32_2.0.0.202105311346/tools/bin/../lib/gcc/arm-none-eabi/9.3.1/../../../../arm-none-eabi/lib/thumb/v7e-m+dp/hard\libc_nano.a(lib_a-impure.o)
                              c:/st/stm32cubeide_1.8.0/stm32cubeide/plugins/com.st.stm32cube.ide.mcu.externaltools.gnu-tools-for-stm32.9-2020-q2-update.win32_2.0.0.202105311346/tools/bin/../lib/gcc/arm-none-eabi/9.3.1/../../../../arm-none-eabi/lib/thumb/v7e-m+dp/hard\libc_nano.a(lib_a-exit.o) (_global_impure_ptr)
c:/st/stm32cubeide_1.8.0/stm32cubeide/plugins/com.st.stm32cube.ide.mcu.externaltools.gnu-tools-for-stm32.9-2020-q2-update.win32_2.0.0.202105311346/tools/bin/../lib/gcc/arm-none-eabi/9.3.1/../../../../arm-none-eabi/lib/thumb/v7e-m+dp/hard\libc_nano.a(lib_a-init.o)
                              c:/st/stm32cubeide_1.8.0/stm32cubeide/plugins/com.st.stm32cube.ide.mcu.externaltools.gnu-tools-for-stm32.9-2020-q2-update.win32_2.0.0.202105311346/tools/bin/../lib/gcc/arm-none-eabi/9.3.1/../../../../arm-none-eabi/lib/thumb/v7e-m+dp/hard/crt0.o (__libc_init_array)
c:/st/stm32cubeide_1.8.0/stm32cubeide/plugins/com.st.stm32cube.ide.mcu.externaltools.gnu-tools-for-stm32.9-2020-q2-update.win32_2.0.0.202105311346/tools/bin/../lib/gcc/arm-none-eabi/9.3.1/../../../../arm-none-eabi/lib/thumb/v7e-m+dp/hard\libc_nano.a(lib_a-memset.o)
                              c:/st/stm32cubeide_1.8.0/stm32cubeide/plugins/com.st.stm32cube.ide.mcu.externaltools.gnu-tools-for-stm32.9-2020-q2-update.win32_2.0.0.202105311346/tools/bin/../lib/gcc/arm-none-eabi/9.3.1/../../../../arm-none-eabi/lib/thumb/v7e-m+dp/hard/crt0.o (memset)
c:/st/stm32cubeide_1.8.0/stm32cubeide/plugins/com.st.stm32cube.ide.mcu.externaltools.gnu-tools-for-stm32.9-2020-q2-update.win32_2.0.0.202105311346/tools/bin/../lib/gcc/arm-none-eabi/9.3.1/../../../../arm-none-eabi/lib/thumb/v7e-m+dp/hard\libc_nano.a(lib_a-sprintf.o)
                              ./Core/Src/log_application.o (sprintf)
c:/st/stm32cubeide_1.8.0/stm32cubeide/plugins/com.st.stm32cube.ide.mcu.externaltools.gnu-tools-for-stm32.9-2020-q2-update.win32_2.0.0.202105311346/tools/bin/../lib/gcc/arm-none-eabi/9.3.1/../../../../arm-none-eabi/lib/thumb/v7e-m+dp/hard\libc_nano.a(lib_a-strlen.o)
                              ./Core/Src/log_application.o (strlen)
c:/st/stm32cubeide_1.8.0/stm32cubeide/plugins/com.st.stm32cube.ide.mcu.externaltools.gnu-tools-for-stm32.9-2020-q2-update.win32_2.0.0.202105311346/tools/bin/../lib/gcc/arm-none-eabi/9.3.1/../../../../arm-none-eabi/lib/thumb/v7e-m+dp/hard\libc_nano.a(lib_a-nano-svfprintf.o)
                              c:/st/stm32cubeide_1.8.0/stm32cubeide/plugins/com.st.stm32cube.ide.mcu.externaltools.gnu-tools-for-stm32.9-2020-q2-update.win32_2.0.0.202105311346/tools/bin/../lib/gcc/arm-none-eabi/9.3.1/../../../../arm-none-eabi/lib/thumb/v7e-m+dp/hard\libc_nano.a(lib_a-sprintf.o) (_svfprintf_r)
c:/st/stm32cubeide_1.8.0/stm32cubeide/plugins/com.st.stm32cube.ide.mcu.externaltools.gnu-tools-for-stm32.9-2020-q2-update.win32_2.0.0.202105311346/tools/bin/../lib/gcc/arm-none-eabi/9.3.1/../../../../arm-none-eabi/lib/thumb/v7e-m+dp/hard\libc_nano.a(lib_a-nano-vfprintf_i.o)
                              c:/st/stm32cubeide_1.8.0/stm32cubeide/plugins/com.st.stm32cube.ide.mcu.externaltools.gnu-tools-for-stm32.9-2020-q2-update.win32_2.0.0.202105311346/tools/bin/../lib/gcc/arm-none-eabi/9.3.1/../../../../arm-none-eabi/lib/thumb/v7e-m+dp/hard\libc_nano.a(lib_a-nano-svfprintf.o) (_printf_i)
c:/st/stm32cubeide_1.8.0/stm32cubeide/plugins/com.st.stm32cube.ide.mcu.externaltools.gnu-tools-for-stm32.9-2020-q2-update.win32_2.0.0.202105311346/tools/bin/../lib/gcc/arm-none-eabi/9.3.1/../../../../arm-none-eabi/lib/thumb/v7e-m+dp/hard\libc_nano.a(lib_a-memchr.o)
[...]
Memory Configuration

Name             Origin             Length             Attributes
ITCMRAM          0x0000000000000000 0x0000000000010000 xrw
FLASH            0x0000000008000000 0x0000000000200000 xr
DTCMRAM1         0x0000000020000000 0x0000000000010000 xrw
DTCMRAM2         0x0000000020010000 0x0000000000010000 xrw
RAM              0x0000000024000000 0x0000000000100000 xrw
RAM_CD           0x0000000030000000 0x0000000000020000 xrw
RAM_SRD          0x0000000038000000 0x0000000000008000 xrw
*default*        0x0000000000000000 0xffffffffffffffff

Linker script and memory map

LOAD c:/st/stm32cubeide_1.8.0/stm32cubeide/plugins/com.st.stm32cube.ide.mcu.externaltools.gnu-tools-for-stm32.9-2020-q2-update.win32_2.0.0.202105311346/tools/bin/../lib/gcc/arm-none-eabi/9.3.1/thumb/v7e-m+dp/hard/crti.o
LOAD c:/st/stm32cubeide_1.8.0/stm32cubeide/plugins/com.st.stm32cube.ide.mcu.externaltools.gnu-tools-for-stm32.9-2020-q2-update.win32_2.0.0.202105311346/tools/bin/../lib/gcc/arm-none-eabi/9.3.1/thumb/v7e-m+dp/hard/crtbegin.o
LOAD c:/st/stm32cubeide_1.8.0/stm32cubeide/plugins/com.st.stm32cube.ide.mcu.externaltools.gnu-tools-for-stm32.9-2020-q2-update.win32_2.0.0.202105311346/tools/bin/../lib/gcc/arm-none-eabi/9.3.1/../../../../arm-none-eabi/lib/thumb/v7e-m+dp/hard/crt0.o
LOAD ./Core/Src/adc.o
LOAD ./Core/Src/gpio.o
LOAD ./Core/Src/log_application.o
LOAD ./Core/Src/main.o
LOAD ./Core/Src/sdmmc.o
LOAD ./Core/Src/stm32h7xx_hal_msp.o
LOAD ./Core/Src/stm32h7xx_it.o
LOAD ./Core/Src/syscalls.o
LOAD ./Core/Src/sysmem.o
LOAD ./Core/Src/system_stm32h7xx.o
LOAD ./Core/Src/usart.o
LOAD ./Core/Src/usb_otg.o
LOAD ./Core/Startup/startup_stm32h7a3zitxq.o
LOAD ./Drivers/STM32H7xx_HAL_Driver/Src/stm32h7xx_hal.o
LOAD ./Drivers/STM32H7xx_HAL_Driver/Src/stm32h7xx_hal_adc.o
LOAD ./Drivers/STM32H7xx_HAL_Driver/Src/stm32h7xx_hal_adc_ex.o
LOAD ./Drivers/STM32H7xx_HAL_Driver/Src/stm32h7xx_hal_cortex.o
LOAD ./Drivers/STM32H7xx_HAL_Driver/Src/stm32h7xx_hal_dma.o
LOAD ./Drivers/STM32H7xx_HAL_Driver/Src/stm32h7xx_hal_dma_ex.o
LOAD ./Drivers/STM32H7xx_HAL_Driver/Src/stm32h7xx_hal_exti.o
LOAD ./Drivers/STM32H7xx_HAL_Driver/Src/stm32h7xx_hal_flash.o
LOAD ./Drivers/STM32H7xx_HAL_Driver/Src/stm32h7xx_hal_flash_ex.o
LOAD ./Drivers/STM32H7xx_HAL_Driver/Src/stm32h7xx_hal_gpio.o
LOAD ./Drivers/STM32H7xx_HAL_Driver/Src/stm32h7xx_hal_hsem.o
LOAD ./Drivers/STM32H7xx_HAL_Driver/Src/stm32h7xx_hal_i2c.o
LOAD ./Drivers/STM32H7xx_HAL_Driver/Src/stm32h7xx_hal_i2c_ex.o
LOAD ./Drivers/STM32H7xx_HAL_Driver/Src/stm32h7xx_hal_mdma.o
LOAD ./Drivers/STM32H7xx_HAL_Driver/Src/stm32h7xx_hal_pwr.o
LOAD ./Drivers/STM32H7xx_HAL_Driver/Src/stm32h7xx_hal_pwr_ex.o
LOAD ./Drivers/STM32H7xx_HAL_Driver/Src/stm32h7xx_hal_rcc.o
LOAD ./Drivers/STM32H7xx_HAL_Driver/Src/stm32h7xx_hal_rcc_ex.o
LOAD ./Drivers/STM32H7xx_HAL_Driver/Src/stm32h7xx_hal_sd.o
LOAD ./Drivers/STM32H7xx_HAL_Driver/Src/stm32h7xx_hal_sd_ex.o
LOAD ./Drivers/STM32H7xx_HAL_Driver/Src/stm32h7xx_hal_tim.o
LOAD ./Drivers/STM32H7xx_HAL_Driver/Src/stm32h7xx_hal_tim_ex.o
LOAD ./Drivers/STM32H7xx_HAL_Driver/Src/stm32h7xx_hal_uart.o
LOAD ./Drivers/STM32H7xx_HAL_Driver/Src/stm32h7xx_hal_uart_ex.o
LOAD ./Drivers/STM32H7xx_HAL_Driver/Src/stm32h7xx_ll_delayblock.o
LOAD ./Drivers/STM32H7xx_HAL_Driver/Src/stm32h7xx_ll_sdmmc.o
LOAD ./FATFS/App/fatfs.o
LOAD ./FATFS/Target/bsp_driver_sd.o
LOAD ./FATFS/Target/fatfs_platform.o
LOAD ./FATFS/Target/sd_diskio.o
LOAD ./Middlewares/Third_Party/FatFs/src/diskio.o
LOAD ./Middlewares/Third_Party/FatFs/src/ff.o
LOAD ./Middlewares/Third_Party/FatFs/src/ff_gen_drv.o
LOAD ./Middlewares/Third_Party/FatFs/src/option/syscall.o
START GROUP
LOAD c:/st/stm32cubeide_1.8.0/stm32cubeide/plugins/com.st.stm32cube.ide.mcu.externaltools.gnu-tools-for-stm32.9-2020-q2-update.win32_2.0.0.202105311346/tools/bin/../lib/gcc/arm-none-eabi/9.3.1/../../../../arm-none-eabi/lib/thumb/v7e-m+dp/hard\libc_nano.a
LOAD c:/st/stm32cubeide_1.8.0/stm32cubeide/plugins/com.st.stm32cube.ide.mcu.externaltools.gnu-tools-for-stm32.9-2020-q2-update.win32_2.0.0.202105311346/tools/bin/../lib/gcc/arm-none-eabi/9.3.1/../../../../arm-none-eabi/lib/thumb/v7e-m+dp/hard\libm.a
END GROUP
START GROUP
LOAD c:/st/stm32cubeide_1.8.0/stm32cubeide/plugins/com.st.stm32cube.ide.mcu.externaltools.gnu-tools-for-stm32.9-2020-q2-update.win32_2.0.0.202105311346/tools/bin/../lib/gcc/arm-none-eabi/9.3.1/thumb/v7e-m+dp/hard\libgcc.a
LOAD c:/st/stm32cubeide_1.8.0/stm32cubeide/plugins/com.st.stm32cube.ide.mcu.externaltools.gnu-tools-for-stm32.9-2020-q2-update.win32_2.0.0.202105311346/tools/bin/../lib/gcc/arm-none-eabi/9.3.1/../../../../arm-none-eabi/lib/thumb/v7e-m+dp/hard\libc_nano.a
END GROUP
START GROUP
LOAD c:/st/stm32cubeide_1.8.0/stm32cubeide/plugins/com.st.stm32cube.ide.mcu.externaltools.gnu-tools-for-stm32.9-2020-q2-update.win32_2.0.0.202105311346/tools/bin/../lib/gcc/arm-none-eabi/9.3.1/thumb/v7e-m+dp/hard\libgcc.a
LOAD c:/st/stm32cubeide_1.8.0/stm32cubeide/plugins/com.st.stm32cube.ide.mcu.externaltools.gnu-tools-for-stm32.9-2020-q2-update.win32_2.0.0.202105311346/tools/bin/../lib/gcc/arm-none-eabi/9.3.1/../../../../arm-none-eabi/lib/thumb/v7e-m+dp/hard\libc_nano.a
LOAD c:/st/stm32cubeide_1.8.0/stm32cubeide/plugins/com.st.stm32cube.ide.mcu.externaltools.gnu-tools-for-stm32.9-2020-q2-update.win32_2.0.0.202105311346/tools/bin/../lib/gcc/arm-none-eabi/9.3.1/../../../../arm-none-eabi/lib/thumb/v7e-m+dp/hard\libnosys.a
END GROUP
START GROUP
LOAD c:/st/stm32cubeide_1.8.0/stm32cubeide/plugins/com.st.stm32cube.ide.mcu.externaltools.gnu-tools-for-stm32.9-2020-q2-update.win32_2.0.0.202105311346/tools/bin/../lib/gcc/arm-none-eabi/9.3.1/thumb/v7e-m+dp/hard\libgcc.a
LOAD c:/st/stm32cubeide_1.8.0/stm32cubeide/plugins/com.st.stm32cube.ide.mcu.externaltools.gnu-tools-for-stm32.9-2020-q2-update.win32_2.0.0.202105311346/tools/bin/../lib/gcc/arm-none-eabi/9.3.1/../../../../arm-none-eabi/lib/thumb/v7e-m+dp/hard\libc_nano.a
LOAD c:/st/stm32cubeide_1.8.0/stm32cubeide/plugins/com.st.stm32cube.ide.mcu.externaltools.gnu-tools-for-stm32.9-2020-q2-update.win32_2.0.0.202105311346/tools/bin/../lib/gcc/arm-none-eabi/9.3.1/../../../../arm-none-eabi/lib/thumb/v7e-m+dp/hard\libnosys.a
END GROUP
LOAD c:/st/stm32cubeide_1.8.0/stm32cubeide/plugins/com.st.stm32cube.ide.mcu.externaltools.gnu-tools-for-stm32.9-2020-q2-update.win32_2.0.0.202105311346/tools/bin/../lib/gcc/arm-none-eabi/9.3.1/thumb/v7e-m+dp/hard/crtend.o
LOAD c:/st/stm32cubeide_1.8.0/stm32cubeide/plugins/com.st.stm32cube.ide.mcu.externaltools.gnu-tools-for-stm32.9-2020-q2-update.win32_2.0.0.202105311346/tools/bin/../lib/gcc/arm-none-eabi/9.3.1/thumb/v7e-m+dp/hard/crtn.o
                0x0000000024100000                _estack = (ORIGIN (RAM) + LENGTH (RAM))
                0x0000000000000200                _Min_Heap_Size = 0x200
                0x0000000000000400                _Min_Stack_Size = 0x400

.isr_vector     0x0000000008000000      0x2ac
                0x0000000008000000                . = ALIGN (0x4)
 *(.isr_vector)
 .isr_vector    0x0000000008000000      0x2ac ./Core/Startup/startup_stm32h7a3zitxq.o
                0x0000000008000000                g_pfnVectors
                0x00000000080002ac                . = ALIGN (0x4)

.text           0x00000000080002ac     0xc8b4
                0x00000000080002ac                . = ALIGN (0x4)
 *(.text)
 .text          0x00000000080002ac       0x40 c:/st/stm32cubeide_1.8.0/stm32cubeide/plugins/com.st.stm32cube.ide.mcu.externaltools.gnu-tools-for-stm32.9-2020-q2-update.win32_2.0.0.202105311346/tools/bin/../lib/gcc/arm-none-eabi/9.3.1/thumb/v7e-m+dp/hard/crtbegin.o
 .text          0x00000000080002ec       0x30 c:/st/stm32cubeide_1.8.0/stm32cubeide/plugins/com.st.stm32cube.ide.mcu.externaltools.gnu-tools-for-stm32.9-2020-q2-update.win32_2.0.0.202105311346/tools/bin/../lib/gcc/arm-none-eabi/9.3.1/thumb/v7e-m+dp/hard\libgcc.a(_aeabi_uldivmod.o)
                0x00000000080002ec                __aeabi_uldivmod
 .text          0x000000000800031c      0x2c4 c:/st/stm32cubeide_1.8.0/stm32cubeide/plugins/com.st.stm32cube.ide.mcu.externaltools.gnu-tools-for-stm32.9-2020-q2-update.win32_2.0.0.202105311346/tools/bin/../lib/gcc/arm-none-eabi/9.3.1/thumb/v7e-m+dp/hard\libgcc.a(_udivmoddi4.o)
                0x000000000800031c                __udivmoddi4
 .text          0x00000000080005e0        0x4 c:/st/stm32cubeide_1.8.0/stm32cubeide/plugins/com.st.stm32cube.ide.mcu.externaltools.gnu-tools-for-stm32.9-2020-q2-update.win32_2.0.0.202105311346/tools/bin/../lib/gcc/arm-none-eabi/9.3.1/thumb/v7e-m+dp/hard\libgcc.a(_dvmd_tls.o)
                0x00000000080005e0                __aeabi_idiv0
                0x00000000080005e0                __aeabi_ldiv0
 *(.text*)
 .text.HAL_ADC_MspInit
                0x00000000080005e4       0xb8 ./Core/Src/adc.o
                0x00000000080005e4                HAL_ADC_MspInit
 .text.MX_GPIO_Init
                0x000000000800069c      0x250 ./Core/Src/gpio.o
                0x000000000800069c                MX_GPIO_Init
 .text.HAL_ADC_ConvCpltCallback
                0x00000000080008ec       0x40 ./Core/Src/log_application.o
                0x00000000080008ec                HAL_ADC_ConvCpltCallback
 .text.my_toggle
                0x000000000800092c       0x3c ./Core/Src/log_application.o
 .text.DMA1_Stream1_IRQHandler
                0x0000000008000968       0x70 ./Core/Src/log_application.o
                0x0000000008000968                DMA1_Stream1_IRQHandler
 .text.my_InitADC
                0x00000000080009d8      0x238 ./Core/Src/log_application.o
                0x00000000080009d8                my_InitADC
 .text.my_TIM1_Config
                0x0000000008000c10       0xfc ./Core/Src/log_application.o
 .text.main     0x0000000008000d0c       0x26 ./Core/Src/main.o
                0x0000000008000d0c                main
 *fill*         0x0000000008000d32        0x2 
 .text.SystemClock_Config
                0x0000000008000d34       0xf4 ./Core/Src/main.o
                0x0000000008000d34                SystemClock_Config
 .text.Error_Handler
                0x0000000008000e28        0xa ./Core/Src/main.o
                0x0000000008000e28                Error_Handler
 *fill*         0x0000000008000e32        0x2 
 .text.MX_SDMMC1_SD_Init
                0x0000000008000e34       0x3c ./Core/Src/sdmmc.o
                0x0000000008000e34                MX_SDMMC1_SD_Init
 .text.HAL_SD_MspInit
                0x0000000008000e70      0x178 ./Core/Src/sdmmc.o
                0x0000000008000e70                HAL_SD_MspInit
 .text.HAL_MspInit
                0x0000000008000fe8       0x34 ./Core/Src/stm32h7xx_hal_msp.o
                0x0000000008000fe8                HAL_MspInit
 .text.NMI_Handler
                0x000000000800101c        0x6 ./Core/Src/stm32h7xx_it.o
                0x000000000800101c                NMI_Handler
 .text.HardFault_Handler
                0x0000000008001022        0x6 ./Core/Src/stm32h7xx_it.o
                0x0000000008001022                HardFault_Handler
 .text.MemManage_Handler
                0x0000000008001028        0x6 ./Core/Src/stm32h7xx_it.o
                0x0000000008001028                MemManage_Handler
 .text.BusFault_Handler
                0x000000000800102e        0x6 ./Core/Src/stm32h7xx_it.o
                0x000000000800102e                BusFault_Handler
 .text.UsageFault_Handler
                0x0000000008001034        0x6 ./Core/Src/stm32h7xx_it.o
                0x0000000008001034                UsageFault_Handler
 .text.SVC_Handler
                0x000000000800103a        0xe ./Core/Src/stm32h7xx_it.o
                0x000000000800103a                SVC_Handler
 .text.DebugMon_Handler
                0x0000000008001048        0xe ./Core/Src/stm32h7xx_it.o
                0x0000000008001048                DebugMon_Handler
 .text.PendSV_Handler
                0x0000000008001056        0xe ./Core/Src/stm32h7xx_it.o
                0x0000000008001056                PendSV_Handler
 .text.SysTick_Handler
                0x0000000008001064        0xc ./Core/Src/stm32h7xx_it.o
                0x0000000008001064                SysTick_Handler
 .text.SDMMC1_IRQHandler
                0x0000000008001070       0x14 ./Core/Src/stm32h7xx_it.o
                0x0000000008001070                SDMMC1_IRQHandler
 .text.SystemInit
                0x0000000008001084       0xf0 ./Core/Src/system_stm32h7xx.o
                0x0000000008001084                SystemInit
 .text.MX_USART3_UART_Init
                0x0000000008001174       0x98 ./Core/Src/usart.o
                0x0000000008001174                MX_USART3_UART_Init
 .text.HAL_UART_MspInit
                0x000000000800120c       0xcc ./Core/Src/usart.o
                0x000000000800120c                HAL_UART_MspInit
 .text.MX_USB_OTG_HS_USB_Init
                0x00000000080012d8        0xe ./Core/Src/usb_otg.o
                0x00000000080012d8                MX_USB_OTG_HS_USB_Init
 *fill*         0x00000000080012e6        0x2 
 .text.Reset_Handler
                0x00000000080012e8       0x50 ./Core/Startup/startup_stm32h7a3zitxq.o
                0x00000000080012e8                Reset_Handler
 .text.Default_Handler
                0x0000000008001338        0x2 ./Core/Startup/startup_stm32h7a3zitxq.o
                0x0000000008001338                RTC_Alarm_IRQHandler
                0x0000000008001338                EXTI2_IRQHandler
                0x0000000008001338                TIM8_CC_IRQHandler
                0x0000000008001338                UART8_IRQHandler
                0x0000000008001338                BDMA2_Channel1_IRQHandler
                0x0000000008001338                SPI4_IRQHandler
                0x0000000008001338                BDMA2_Channel0_IRQHandler
                0x0000000008001338                TIM1_CC_IRQHandler
                0x0000000008001338                DMA2_Stream5_IRQHandler
                0x0000000008001338                JPEG_IRQHandler
                0x0000000008001338                DMA1_Stream5_IRQHandler
                0x0000000008001338                EXTI3_IRQHandler
                0x0000000008001338                LPTIM4_IRQHandler
                0x0000000008001338                TIM8_TRG_COM_TIM14_IRQHandler
                0x0000000008001338                LPTIM2_IRQHandler
                0x0000000008001338                DFSDM1_FLT1_IRQHandler
                0x0000000008001338                DMAMUX2_OVR_IRQHandler
                0x0000000008001338                GFXMMU_IRQHandler
                0x0000000008001338                TIM8_UP_TIM13_IRQHandler
                0x0000000008001338                I2C3_ER_IRQHandler
                0x0000000008001338                DFSDM1_FLT2_IRQHandler
                0x0000000008001338                USART10_IRQHandler
                0x0000000008001338                MDMA_IRQHandler
                0x0000000008001338                LPTIM3_IRQHandler
                0x0000000008001338                BDMA2_Channel3_IRQHandler
                0x0000000008001338                HSEM1_IRQHandler
                0x0000000008001338                EXTI0_IRQHandler
                0x0000000008001338                I2C2_EV_IRQHandler
                0x0000000008001338                DAC2_IRQHandler
                0x0000000008001338                DMA1_Stream2_IRQHandler
                0x0000000008001338                FPU_IRQHandler
                0x0000000008001338                OTG_HS_WKUP_IRQHandler
                0x0000000008001338                FDCAN1_IT1_IRQHandler
                0x0000000008001338                LTDC_ER_IRQHandler
                0x0000000008001338                DMA2_Stream2_IRQHandler
                0x0000000008001338                SPI1_IRQHandler
                0x0000000008001338                OCTOSPI1_IRQHandler
                0x0000000008001338                TIM6_DAC_IRQHandler
                0x0000000008001338                BDMA2_Channel6_IRQHandler
                0x0000000008001338                DMA2_Stream3_IRQHandler
                0x0000000008001338                OCTOSPI2_IRQHandler
                0x0000000008001338                SAI2_IRQHandler
                0x0000000008001338                BDMA1_IRQHandler
                0x0000000008001338                DFSDM1_FLT3_IRQHandler
                0x0000000008001338                USART6_IRQHandler
                0x0000000008001338                TIM17_IRQHandler
                0x0000000008001338                USART3_IRQHandler
                0x0000000008001338                LPTIM5_IRQHandler
                0x0000000008001338                UART5_IRQHandler
                0x0000000008001338                DMA2_Stream0_IRQHandler
                0x0000000008001338                TIM4_IRQHandler
                0x0000000008001338                I2C1_EV_IRQHandler
                0x0000000008001338                DMA1_Stream6_IRQHandler
                0x0000000008001338                DMAMUX1_OVR_IRQHandler
                0x0000000008001338                TIM16_IRQHandler
                0x0000000008001338                UART4_IRQHandler
                0x0000000008001338                TIM3_IRQHandler
                0x0000000008001338                RCC_IRQHandler
                0x0000000008001338                UART9_IRQHandler
                0x0000000008001338                TIM8_BRK_TIM12_IRQHandler
                0x0000000008001338                TIM1_TRG_COM_IRQHandler
                0x0000000008001338                Default_Handler
                0x0000000008001338                ECC_IRQHandler
                0x0000000008001338                BDMA2_Channel2_IRQHandler
                0x0000000008001338                CEC_IRQHandler
                0x0000000008001338                EXTI15_10_IRQHandler
                0x0000000008001338                DFSDM1_FLT4_IRQHandler
                0x0000000008001338                ADC_IRQHandler
                0x0000000008001338                DMA1_Stream7_IRQHandler
                0x0000000008001338                SPI5_IRQHandler
                0x0000000008001338                TIM7_IRQHandler
                0x0000000008001338                TIM5_IRQHandler
                0x0000000008001338                DMA2_Stream7_IRQHandler
                0x0000000008001338                TIM15_IRQHandler
                0x0000000008001338                I2C3_EV_IRQHandler
                0x0000000008001338                DFSDM2_IRQHandler
                0x0000000008001338                EXTI9_5_IRQHandler
                0x0000000008001338                RTC_WKUP_IRQHandler
                0x0000000008001338                LTDC_IRQHandler
                0x0000000008001338                SPDIF_RX_IRQHandler
                0x0000000008001338                PVD_PVM_IRQHandler
                0x0000000008001338                SPI2_IRQHandler
                0x0000000008001338                OTG_HS_EP1_IN_IRQHandler
                0x0000000008001338                DFSDM1_FLT5_IRQHandler
                0x0000000008001338                DMA1_Stream0_IRQHandler
                0x0000000008001338                CRS_IRQHandler
                0x0000000008001338                EXTI4_IRQHandler
                0x0000000008001338                DFSDM1_FLT6_IRQHandler
                0x0000000008001338                RNG_IRQHandler
                0x0000000008001338                FDCAN2_IT1_IRQHandler
                0x0000000008001338                COMP_IRQHandler
                0x0000000008001338                TIM1_UP_IRQHandler
                0x0000000008001338                OTG_HS_EP1_OUT_IRQHandler
                0x0000000008001338                WWDG_IRQHandler
                0x0000000008001338                SPI6_IRQHandler
                0x0000000008001338                MDIOS_IRQHandler
                0x0000000008001338                I2C4_EV_IRQHandler
                0x0000000008001338                FDCAN2_IT0_IRQHandler
                0x0000000008001338                LPUART1_IRQHandler
                0x0000000008001338                FDCAN1_IT0_IRQHandler
                0x0000000008001338                TIM2_IRQHandler
                0x0000000008001338                BDMA2_Channel5_IRQHandler
                0x0000000008001338                OTG_HS_IRQHandler
                0x0000000008001338                DMA2D_IRQHandler
                0x0000000008001338                TIM1_BRK_IRQHandler
                0x0000000008001338                EXTI1_IRQHandler
                0x0000000008001338                SDMMC2_IRQHandler
                0x0000000008001338                DTS_IRQHandler
                0x0000000008001338                UART7_IRQHandler
                0x0000000008001338                MDIOS_WKUP_IRQHandler
                0x0000000008001338                USART2_IRQHandler
                0x0000000008001338                DFSDM1_FLT0_IRQHandler
                0x0000000008001338                I2C2_ER_IRQHandler
                0x0000000008001338                DMA2_Stream1_IRQHandler
                0x0000000008001338                DFSDM1_FLT7_IRQHandler
                0x0000000008001338                FLASH_IRQHandler
                0x0000000008001338                DMA2_Stream4_IRQHandler
                0x0000000008001338                USART1_IRQHandler
                0x0000000008001338                SPI3_IRQHandler
                0x0000000008001338                WAKEUP_PIN_IRQHandler
                0x0000000008001338                DMA1_Stream4_IRQHandler
                0x0000000008001338                I2C1_ER_IRQHandler
                0x0000000008001338                FMC_IRQHandler
                0x0000000008001338                BDMA2_Channel7_IRQHandler
                0x0000000008001338                FDCAN_CAL_IRQHandler
                0x0000000008001338                SWPMI1_IRQHandler
                0x0000000008001338                LPTIM1_IRQHandler
                0x0000000008001338                DCMI_PSSI_IRQHandler
                0x0000000008001338                I2C4_ER_IRQHandler
                0x0000000008001338                DMA2_Stream6_IRQHandler
                0x0000000008001338                SAI1_IRQHandler
                0x0000000008001338                DMA1_Stream3_IRQHandler
                0x0000000008001338                RTC_TAMP_STAMP_CSS_LSE_IRQHandler
                0x0000000008001338                BDMA2_Channel4_IRQHandler
 *fill*         0x000000000800133a        0x2 
 .text.HAL_Init
                0x000000000800133c       0x78 ./Drivers/STM32H7xx_HAL_Driver/Src/stm32h7xx_hal.o
                0x000000000800133c                HAL_Init
 .text.HAL_InitTick
                0x00000000080013b4       0x6c ./Drivers/STM32H7xx_HAL_Driver/Src/stm32h7xx_hal.o
                0x00000000080013b4                HAL_InitTick
 .text.HAL_IncTick
                0x0000000008001420       0x28 ./Drivers/STM32H7xx_HAL_Driver/Src/stm32h7xx_hal.o
                0x0000000008001420                HAL_IncTick
 .text.HAL_GetTick
                0x0000000008001448       0x18 ./Drivers/STM32H7xx_HAL_Driver/Src/stm32h7xx_hal.o
                0x0000000008001448                HAL_GetTick
 .text.HAL_Delay
                0x0000000008001460       0x48 ./Drivers/STM32H7xx_HAL_Driver/Src/stm32h7xx_hal.o
                0x0000000008001460                HAL_Delay
 .text.HAL_SYSCFG_AnalogSwitchConfig
                0x00000000080014a8       0x2c ./Drivers/STM32H7xx_HAL_Driver/Src/stm32h7xx_hal.o
                0x00000000080014a8                HAL_SYSCFG_AnalogSwitchConfig
 .text.LL_ADC_SetCommonClock
                0x00000000080014d4       0x26 ./Drivers/STM32H7xx_HAL_Driver/Src/stm32h7xx_hal_adc.o
 .text.LL_ADC_SetCommonPathInternalCh
                0x00000000080014fa       0x26 ./Drivers/STM32H7xx_HAL_Driver/Src/stm32h7xx_hal_adc.o
 .text.LL_ADC_GetCommonPathInternalCh
                0x0000000008001520       0x1c ./Drivers/STM32H7xx_HAL_Driver/Src/stm32h7xx_hal_adc.o
 .text.LL_ADC_SetOffset
                0x000000000800153c       0x40 ./Drivers/STM32H7xx_HAL_Driver/Src/stm32h7xx_hal_adc.o
 .text.LL_ADC_SetDataRightShift
                0x000000000800157c       0x32 ./Drivers/STM32H7xx_HAL_Driver/Src/stm32h7xx_hal_adc.o
 .text.LL_ADC_SetOffsetSignedSaturation
                0x00000000080015ae       0x36 ./Drivers/STM32H7xx_HAL_Driver/Src/stm32h7xx_hal_adc.o
 .text.LL_ADC_REG_IsTriggerSourceSWStart
                0x00000000080015e4       0x26 ./Drivers/STM32H7xx_HAL_Driver/Src/stm32h7xx_hal_adc.o
 .text.LL_ADC_REG_SetSequencerRanks
                0x000000000800160a       0x58 ./Drivers/STM32H7xx_HAL_Driver/Src/stm32h7xx_hal_adc.o
 .text.LL_ADC_REG_SetDataTransferMode
                0x0000000008001662       0x26 ./Drivers/STM32H7xx_HAL_Driver/Src/stm32h7xx_hal_adc.o
 .text.LL_ADC_SetChannelSamplingTime
                0x0000000008001688       0x56 ./Drivers/STM32H7xx_HAL_Driver/Src/stm32h7xx_hal_adc.o
 *fill*         0x00000000080016de        0x2 
 .text.LL_ADC_SetChannelSingleDiff
                0x00000000080016e0       0x48 ./Drivers/STM32H7xx_HAL_Driver/Src/stm32h7xx_hal_adc.o
 .text.LL_ADC_GetMultimode
                0x0000000008001728       0x1c ./Drivers/STM32H7xx_HAL_Driver/Src/stm32h7xx_hal_adc.o
 .text.LL_ADC_DisableDeepPowerDown
                0x0000000008001744       0x24 ./Drivers/STM32H7xx_HAL_Driver/Src/stm32h7xx_hal_adc.o
 .text.LL_ADC_IsDeepPowerDownEnabled
                0x0000000008001768       0x28 ./Drivers/STM32H7xx_HAL_Driver/Src/stm32h7xx_hal_adc.o
 .text.LL_ADC_EnableInternalRegulator
                0x0000000008001790       0x28 ./Drivers/STM32H7xx_HAL_Driver/Src/stm32h7xx_hal_adc.o
 .text.LL_ADC_IsInternalRegulatorEnabled
                0x00000000080017b8       0x28 ./Drivers/STM32H7xx_HAL_Driver/Src/stm32h7xx_hal_adc.o
 .text.LL_ADC_Enable
                0x00000000080017e0       0x28 ./Drivers/STM32H7xx_HAL_Driver/Src/stm32h7xx_hal_adc.o
 .text.LL_ADC_Disable
                0x0000000008001808       0x28 ./Drivers/STM32H7xx_HAL_Driver/Src/stm32h7xx_hal_adc.o
 .text.LL_ADC_IsEnabled
                0x0000000008001830       0x26 ./Drivers/STM32H7xx_HAL_Driver/Src/stm32h7xx_hal_adc.o
 .text.LL_ADC_IsDisableOngoing
                0x0000000008001856       0x26 ./Drivers/STM32H7xx_HAL_Driver/Src/stm32h7xx_hal_adc.o
 .text.LL_ADC_REG_StartConversion
                0x000000000800187c       0x28 ./Drivers/STM32H7xx_HAL_Driver/Src/stm32h7xx_hal_adc.o
 .text.LL_ADC_REG_StopConversion
                0x00000000080018a4       0x28 ./Drivers/STM32H7xx_HAL_Driver/Src/stm32h7xx_hal_adc.o
 .text.LL_ADC_REG_IsConversionOngoing
                0x00000000080018cc       0x26 ./Drivers/STM32H7xx_HAL_Driver/Src/stm32h7xx_hal_adc.o
 *fill*         0x00000000080018f2        0x2 
 .text.LL_ADC_INJ_StopConversion
                0x00000000080018f4       0x28 ./Drivers/STM32H7xx_HAL_Driver/Src/stm32h7xx_hal_adc.o
 .text.LL_ADC_INJ_IsConversionOngoing
                0x000000000800191c       0x26 ./Drivers/STM32H7xx_HAL_Driver/Src/stm32h7xx_hal_adc.o
 *fill*         0x0000000008001942        0x2 
 .text.HAL_ADC_Init
                0x0000000008001944      0x2b4 ./Drivers/STM32H7xx_HAL_Driver/Src/stm32h7xx_hal_adc.o
                0x0000000008001944                HAL_ADC_Init
 .text.HAL_ADC_Start_DMA
                0x0000000008001bf8      0x168 ./Drivers/STM32H7xx_HAL_Driver/Src/stm32h7xx_hal_adc.o
                0x0000000008001bf8                HAL_ADC_Start_DMA
 .text.HAL_ADC_Stop_DMA
                0x0000000008001d60       0xc4 ./Drivers/STM32H7xx_HAL_Driver/Src/stm32h7xx_hal_adc.o
                0x0000000008001d60                HAL_ADC_Stop_DMA
 .text.HAL_ADC_ConvHalfCpltCallback
                0x0000000008001e24       0x14 ./Drivers/STM32H7xx_HAL_Driver/Src/stm32h7xx_hal_adc.o
                0x0000000008001e24                HAL_ADC_ConvHalfCpltCallback
 .text.HAL_ADC_ErrorCallback
                0x0000000008001e38       0x14 ./Drivers/STM32H7xx_HAL_Driver/Src/stm32h7xx_hal_adc.o
                0x0000000008001e38                HAL_ADC_ErrorCallback
 .text.HAL_ADC_ConfigChannel
                0x0000000008001e4c      0x5cc ./Drivers/STM32H7xx_HAL_Driver/Src/stm32h7xx_hal_adc.o
                0x0000000008001e4c                HAL_ADC_ConfigChannel
 .text.ADC_ConversionStop
                0x0000000008002418      0x178 ./Drivers/STM32H7xx_HAL_Driver/Src/stm32h7xx_hal_adc.o
                0x0000000008002418                ADC_ConversionStop
 .text.ADC_Enable
                0x0000000008002590       0xf8 ./Drivers/STM32H7xx_HAL_Driver/Src/stm32h7xx_hal_adc.o
                0x0000000008002590                ADC_Enable
 .text.ADC_Disable
                0x0000000008002688       0xbe ./Drivers/STM32H7xx_HAL_Driver/Src/stm32h7xx_hal_adc.o
                0x0000000008002688                ADC_Disable
 .text.ADC_DMAConvCplt
                0x0000000008002746       0xd8 ./Drivers/STM32H7xx_HAL_Driver/Src/stm32h7xx_hal_adc.o
                0x0000000008002746                ADC_DMAConvCplt
 .text.ADC_DMAHalfConvCplt
                0x000000000800281e       0x1c ./Drivers/STM32H7xx_HAL_Driver/Src/stm32h7xx_hal_adc.o
                0x000000000800281e                ADC_DMAHalfConvCplt
 .text.ADC_DMAError
                0x000000000800283a       0x34 ./Drivers/STM32H7xx_HAL_Driver/Src/stm32h7xx_hal_adc.o
                0x000000000800283a                ADC_DMAError
 *fill*         0x000000000800286e        0x2 
 .text.ADC_ConfigureBoostMode
                0x0000000008002870      0x198 ./Drivers/STM32H7xx_HAL_Driver/Src/stm32h7xx_hal_adc.o
                0x0000000008002870                ADC_ConfigureBoostMode
 .text.LL_ADC_StartCalibration
                0x0000000008002a08       0x3c ./Drivers/STM32H7xx_HAL_Driver/Src/stm32h7xx_hal_adc_ex.o
 .text.LL_ADC_IsCalibrationOnGoing
                0x0000000008002a44       0x28 ./Drivers/STM32H7xx_HAL_Driver/Src/stm32h7xx_hal_adc_ex.o
 .text.HAL_ADCEx_Calibration_Start
                0x0000000008002a6c       0xc8 ./Drivers/STM32H7xx_HAL_Driver/Src/stm32h7xx_hal_adc_ex.o
                0x0000000008002a6c                HAL_ADCEx_Calibration_Start
 .text.__NVIC_SetPriorityGrouping
                0x0000000008002b34       0x48 ./Drivers/STM32H7xx_HAL_Driver/Src/stm32h7xx_hal_cortex.o
 .text.__NVIC_GetPriorityGrouping
                0x0000000008002b7c       0x1c ./Drivers/STM32H7xx_HAL_Driver/Src/stm32h7xx_hal_cortex.o
 .text.__NVIC_EnableIRQ
                0x0000000008002b98       0x3c ./Drivers/STM32H7xx_HAL_Driver/Src/stm32h7xx_hal_cortex.o
 .text.__NVIC_SetPriority
                0x0000000008002bd4       0x54 ./Drivers/STM32H7xx_HAL_Driver/Src/stm32h7xx_hal_cortex.o
 .text.NVIC_EncodePriority
                0x0000000008002c28       0x66 ./Drivers/STM32H7xx_HAL_Driver/Src/stm32h7xx_hal_cortex.o
 *fill*         0x0000000008002c8e        0x2 
 .text.SysTick_Config
                0x0000000008002c90       0x44 ./Drivers/STM32H7xx_HAL_Driver/Src/stm32h7xx_hal_cortex.o
 .text.HAL_NVIC_SetPriorityGrouping
                0x0000000008002cd4       0x16 ./Drivers/STM32H7xx_HAL_Driver/Src/stm32h7xx_hal_cortex.o
                0x0000000008002cd4                HAL_NVIC_SetPriorityGrouping
 .text.HAL_NVIC_SetPriority
                0x0000000008002cea       0x34 ./Drivers/STM32H7xx_HAL_Driver/Src/stm32h7xx_hal_cortex.o
                0x0000000008002cea                HAL_NVIC_SetPriority
 .text.HAL_NVIC_EnableIRQ
                0x0000000008002d1e       0x1c ./Drivers/STM32H7xx_HAL_Driver/Src/stm32h7xx_hal_cortex.o
                0x0000000008002d1e                HAL_NVIC_EnableIRQ
 .text.HAL_SYSTICK_Config
                0x0000000008002d3a       0x18 ./Drivers/STM32H7xx_HAL_Driver/Src/stm32h7xx_hal_cortex.o
                0x0000000008002d3a                HAL_SYSTICK_Config
 *fill*         0x0000000008002d52        0x2 
 .text.HAL_DMA_Init
                0x0000000008002d54      0x720 ./Drivers/STM32H7xx_HAL_Driver/Src/stm32h7xx_hal_dma.o
                0x0000000008002d54                HAL_DMA_Init
 .text.HAL_DMA_Start_IT
                0x0000000008003474      0x4d4 ./Drivers/STM32H7xx_HAL_Driver/Src/stm32h7xx_hal_dma.o
                0x0000000008003474                HAL_DMA_Start_IT
 .text.HAL_DMA_Abort
                0x0000000008003948      0x63c ./Drivers/STM32H7xx_HAL_Driver/Src/stm32h7xx_hal_dma.o
                0x0000000008003948                HAL_DMA_Abort
 .text.DMA_SetConfig
                0x0000000008003f84      0x3c8 ./Drivers/STM32H7xx_HAL_Driver/Src/stm32h7xx_hal_dma.o
 .text.DMA_CalcBaseAndBitshift
                0x000000000800434c      0x164 ./Drivers/STM32H7xx_HAL_Driver/Src/stm32h7xx_hal_dma.o
 .text.DMA_CheckFifoParam
                0x00000000080044b0       0xf8 ./Drivers/STM32H7xx_HAL_Driver/Src/stm32h7xx_hal_dma.o
 .text.DMA_CalcDMAMUXChannelBaseAndMask
                0x00000000080045a8      0x134 ./Drivers/STM32H7xx_HAL_Driver/Src/stm32h7xx_hal_dma.o
 .text.DMA_CalcDMAMUXRequestGenBaseAndMask
                0x00000000080046dc       0xe8 ./Drivers/STM32H7xx_HAL_Driver/Src/stm32h7xx_hal_dma.o
 .text.HAL_GPIO_Init
                0x00000000080047c4      0x360 ./Drivers/STM32H7xx_HAL_Driver/Src/stm32h7xx_hal_gpio.o
                0x00000000080047c4                HAL_GPIO_Init
 .text.HAL_GPIO_ReadPin
                0x0000000008004b24       0x30 ./Drivers/STM32H7xx_HAL_Driver/Src/stm32h7xx_hal_gpio.o
                0x0000000008004b24                HAL_GPIO_ReadPin
 .text.HAL_GPIO_WritePin
                0x0000000008004b54       0x32 ./Drivers/STM32H7xx_HAL_Driver/Src/stm32h7xx_hal_gpio.o
                0x0000000008004b54                HAL_GPIO_WritePin
 *fill*         0x0000000008004b86        0x2 
 .text.HAL_PWREx_ConfigSupply
                0x0000000008004b88       0xb4 ./Drivers/STM32H7xx_HAL_Driver/Src/stm32h7xx_hal_pwr_ex.o
                0x0000000008004b88                HAL_PWREx_ConfigSupply
 .text.HAL_RCC_OscConfig
                0x0000000008004c3c      0x808 ./Drivers/STM32H7xx_HAL_Driver/Src/stm32h7xx_hal_rcc.o
                0x0000000008004c3c                HAL_RCC_OscConfig
 .text.HAL_RCC_ClockConfig
                0x0000000008005444      0x36c ./Drivers/STM32H7xx_HAL_Driver/Src/stm32h7xx_hal_rcc.o
                0x0000000008005444                HAL_RCC_ClockConfig
 .text.HAL_RCC_GetSysClockFreq
                0x00000000080057b0      0x2f4 ./Drivers/STM32H7xx_HAL_Driver/Src/stm32h7xx_hal_rcc.o
                0x00000000080057b0                HAL_RCC_GetSysClockFreq
 .text.HAL_RCC_GetHCLKFreq
                0x0000000008005aa4       0x60 ./Drivers/STM32H7xx_HAL_Driver/Src/stm32h7xx_hal_rcc.o
                0x0000000008005aa4                HAL_RCC_GetHCLKFreq
 .text.HAL_RCC_GetPCLK1Freq
                0x0000000008005b04       0x2c ./Drivers/STM32H7xx_HAL_Driver/Src/stm32h7xx_hal_rcc.o
                0x0000000008005b04                HAL_RCC_GetPCLK1Freq
 .text.HAL_RCC_GetPCLK2Freq
                0x0000000008005b30       0x2c ./Drivers/STM32H7xx_HAL_Driver/Src/stm32h7xx_hal_rcc.o
                0x0000000008005b30                HAL_RCC_GetPCLK2Freq
 .text.HAL_RCCEx_PeriphCLKConfig
                0x0000000008005b5c      0xe18 ./Drivers/STM32H7xx_HAL_Driver/Src/stm32h7xx_hal_rcc_ex.o
                0x0000000008005b5c                HAL_RCCEx_PeriphCLKConfig
 .text.HAL_RCCEx_GetPeriphCLKFreq
                0x0000000008006974      0x854 ./Drivers/STM32H7xx_HAL_Driver/Src/stm32h7xx_hal_rcc_ex.o
                0x0000000008006974                HAL_RCCEx_GetPeriphCLKFreq
 .text.HAL_RCCEx_GetD3PCLK1Freq
                0x00000000080071c8       0x2c ./Drivers/STM32H7xx_HAL_Driver/Src/stm32h7xx_hal_rcc_ex.o
                0x00000000080071c8                HAL_RCCEx_GetD3PCLK1Freq
 .text.HAL_RCCEx_GetPLL2ClockFreq
                0x00000000080071f4      0x2a8 ./Drivers/STM32H7xx_HAL_Driver/Src/stm32h7xx_hal_rcc_ex.o
                0x00000000080071f4                HAL_RCCEx_GetPLL2ClockFreq
 .text.HAL_RCCEx_GetPLL3ClockFreq
                0x000000000800749c      0x2a8 ./Drivers/STM32H7xx_HAL_Driver/Src/stm32h7xx_hal_rcc_ex.o
                0x000000000800749c                HAL_RCCEx_GetPLL3ClockFreq
 .text.HAL_RCCEx_GetPLL1ClockFreq
                0x0000000008007744      0x2a4 ./Drivers/STM32H7xx_HAL_Driver/Src/stm32h7xx_hal_rcc_ex.o
                0x0000000008007744                HAL_RCCEx_GetPLL1ClockFreq
 .text.RCCEx_PLL2_Config
                0x00000000080079e8      0x164 ./Drivers/STM32H7xx_HAL_Driver/Src/stm32h7xx_hal_rcc_ex.o
 .text.RCCEx_PLL3_Config
                0x0000000008007b4c      0x164 ./Drivers/STM32H7xx_HAL_Driver/Src/stm32h7xx_hal_rcc_ex.o
 .text.HAL_SD_Init
                0x0000000008007cb0      0x106 ./Drivers/STM32H7xx_HAL_Driver/Src/stm32h7xx_hal_sd.o
                0x0000000008007cb0                HAL_SD_Init
 *fill*         0x0000000008007db6        0x2 
 .text.HAL_SD_InitCard
                0x0000000008007db8      0x12c ./Drivers/STM32H7xx_HAL_Driver/Src/stm32h7xx_hal_sd.o
                0x0000000008007db8                HAL_SD_InitCard
 .text.HAL_SD_ReadBlocks
                0x0000000008007ee4      0x314 ./Drivers/STM32H7xx_HAL_Driver/Src/stm32h7xx_hal_sd.o
                0x0000000008007ee4                HAL_SD_ReadBlocks
 .text.HAL_SD_WriteBlocks
                0x00000000080081f8      0x31c ./Drivers/STM32H7xx_HAL_Driver/Src/stm32h7xx_hal_sd.o
                0x00000000080081f8                HAL_SD_WriteBlocks
 .text.HAL_SD_IRQHandler
                0x0000000008008514      0x36c ./Drivers/STM32H7xx_HAL_Driver/Src/stm32h7xx_hal_sd.o
                0x0000000008008514                HAL_SD_IRQHandler
 .text.HAL_SD_ErrorCallback
                0x0000000008008880       0x14 ./Drivers/STM32H7xx_HAL_Driver/Src/stm32h7xx_hal_sd.o
                0x0000000008008880                HAL_SD_ErrorCallback
 .text.HAL_SD_GetCardCSD
                0x0000000008008894      0x348 ./Drivers/STM32H7xx_HAL_Driver/Src/stm32h7xx_hal_sd.o
                0x0000000008008894                HAL_SD_GetCardCSD
 .text.HAL_SD_GetCardStatus
                0x0000000008008bdc      0x17c ./Drivers/STM32H7xx_HAL_Driver/Src/stm32h7xx_hal_sd.o
                0x0000000008008bdc                HAL_SD_GetCardStatus
 .text.HAL_SD_GetCardInfo
                0x0000000008008d58       0x58 ./Drivers/STM32H7xx_HAL_Driver/Src/stm32h7xx_hal_sd.o
                0x0000000008008d58                HAL_SD_GetCardInfo
 .text.HAL_SD_ConfigWideBusOperation
                0x0000000008008db0      0x224 ./Drivers/STM32H7xx_HAL_Driver/Src/stm32h7xx_hal_sd.o
                0x0000000008008db0                HAL_SD_ConfigWideBusOperation
 .text.HAL_SD_GetCardState
                0x0000000008008fd4       0x40 ./Drivers/STM32H7xx_HAL_Driver/Src/stm32h7xx_hal_sd.o
                0x0000000008008fd4                HAL_SD_GetCardState
 .text.SD_InitCard
                0x0000000008009014      0x19c ./Drivers/STM32H7xx_HAL_Driver/Src/stm32h7xx_hal_sd.o
 .text.SD_PowerON
                0x00000000080091b0      0x11c ./Drivers/STM32H7xx_HAL_Driver/Src/stm32h7xx_hal_sd.o
 .text.SD_SendSDStatus
                0x00000000080092cc      0x1a0 ./Drivers/STM32H7xx_HAL_Driver/Src/stm32h7xx_hal_sd.o
 .text.SD_SendStatus
                0x000000000800946c       0x50 ./Drivers/STM32H7xx_HAL_Driver/Src/stm32h7xx_hal_sd.o
 .text.SD_WideBus_Enable
                0x00000000080094bc       0x96 ./Drivers/STM32H7xx_HAL_Driver/Src/stm32h7xx_hal_sd.o
 .text.SD_WideBus_Disable
                0x0000000008009552       0x96 ./Drivers/STM32H7xx_HAL_Driver/Src/stm32h7xx_hal_sd.o
 .text.SD_FindSCR
                0x00000000080095e8      0x1a0 ./Drivers/STM32H7xx_HAL_Driver/Src/stm32h7xx_hal_sd.o
 .text.SD_Read_IT
                0x0000000008009788       0x8c ./Drivers/STM32H7xx_HAL_Driver/Src/stm32h7xx_hal_sd.o
 .text.SD_Write_IT
                0x0000000008009814       0x94 ./Drivers/STM32H7xx_HAL_Driver/Src/stm32h7xx_hal_sd.o
 .text.HAL_SDEx_Read_DMADoubleBuf0CpltCallback
                0x00000000080098a8       0x14 ./Drivers/STM32H7xx_HAL_Driver/Src/stm32h7xx_hal_sd.o
                0x00000000080098a8                HAL_SDEx_Read_DMADoubleBuf0CpltCallback
 .text.HAL_SDEx_Read_DMADoubleBuf1CpltCallback
                0x00000000080098bc       0x14 ./Drivers/STM32H7xx_HAL_Driver/Src/stm32h7xx_hal_sd.o
                0x00000000080098bc                HAL_SDEx_Read_DMADoubleBuf1CpltCallback
 .text.HAL_SDEx_Write_DMADoubleBuf0CpltCallback
                0x00000000080098d0       0x14 ./Drivers/STM32H7xx_HAL_Driver/Src/stm32h7xx_hal_sd.o
                0x00000000080098d0                HAL_SDEx_Write_DMADoubleBuf0CpltCallback
 .text.HAL_SDEx_Write_DMADoubleBuf1CpltCallback
                0x00000000080098e4       0x14 ./Drivers/STM32H7xx_HAL_Driver/Src/stm32h7xx_hal_sd.o
                0x00000000080098e4                HAL_SDEx_Write_DMADoubleBuf1CpltCallback
 .text.HAL_TIM_Base_Init
                0x00000000080098f8       0xae ./Drivers/STM32H7xx_HAL_Driver/Src/stm32h7xx_hal_tim.o
                0x00000000080098f8                HAL_TIM_Base_Init
 .text.HAL_TIM_Base_DeInit
                0x00000000080099a6       0xb8 ./Drivers/STM32H7xx_HAL_Driver/Src/stm32h7xx_hal_tim.o
                0x00000000080099a6                HAL_TIM_Base_DeInit
 .text.HAL_TIM_Base_MspInit
                0x0000000008009a5e       0x14 ./Drivers/STM32H7xx_HAL_Driver/Src/stm32h7xx_hal_tim.o
                0x0000000008009a5e                HAL_TIM_Base_MspInit
 .text.HAL_TIM_Base_MspDeInit
                0x0000000008009a72       0x14 ./Drivers/STM32H7xx_HAL_Driver/Src/stm32h7xx_hal_tim.o
                0x0000000008009a72                HAL_TIM_Base_MspDeInit
 .text.HAL_TIM_Base_Stop_IT
                0x0000000008009a86       0x5e ./Drivers/STM32H7xx_HAL_Driver/Src/stm32h7xx_hal_tim.o
                0x0000000008009a86                HAL_TIM_Base_Stop_IT
 .text.HAL_TIM_OC_Start
                0x0000000008009ae4      0x21c ./Drivers/STM32H7xx_HAL_Driver/Src/stm32h7xx_hal_tim.o
                0x0000000008009ae4                HAL_TIM_OC_Start
 .text.HAL_TIM_OC_ConfigChannel
                0x0000000008009d00       0xf4 ./Drivers/STM32H7xx_HAL_Driver/Src/stm32h7xx_hal_tim.o
                0x0000000008009d00                HAL_TIM_OC_ConfigChannel
 .text.HAL_TIM_SlaveConfigSynchro
                0x0000000008009df4       0x84 ./Drivers/STM32H7xx_HAL_Driver/Src/stm32h7xx_hal_tim.o
                0x0000000008009df4                HAL_TIM_SlaveConfigSynchro
 .text.TIM_Base_SetConfig
                0x0000000008009e78      0x134 ./Drivers/STM32H7xx_HAL_Driver/Src/stm32h7xx_hal_tim.o
                0x0000000008009e78                TIM_Base_SetConfig
 .text.TIM_OC1_SetConfig
                0x0000000008009fac      0x120 ./Drivers/STM32H7xx_HAL_Driver/Src/stm32h7xx_hal_tim.o
 .text.TIM_OC2_SetConfig
                0x000000000800a0cc      0x114 ./Drivers/STM32H7xx_HAL_Driver/Src/stm32h7xx_hal_tim.o
                0x000000000800a0cc                TIM_OC2_SetConfig
 .text.TIM_OC3_SetConfig
                0x000000000800a1e0      0x110 ./Drivers/STM32H7xx_HAL_Driver/Src/stm32h7xx_hal_tim.o
 .text.TIM_OC4_SetConfig
                0x000000000800a2f0       0xd4 ./Drivers/STM32H7xx_HAL_Driver/Src/stm32h7xx_hal_tim.o
 .text.TIM_OC5_SetConfig
                0x000000000800a3c4       0xc8 ./Drivers/STM32H7xx_HAL_Driver/Src/stm32h7xx_hal_tim.o
 .text.TIM_OC6_SetConfig
                0x000000000800a48c       0xcc ./Drivers/STM32H7xx_HAL_Driver/Src/stm32h7xx_hal_tim.o
 .text.TIM_SlaveTimer_SetConfig
                0x000000000800a558      0x1d4 ./Drivers/STM32H7xx_HAL_Driver/Src/stm32h7xx_hal_tim.o
 .text.TIM_TI1_ConfigInputStage
                0x000000000800a72c       0x5e ./Drivers/STM32H7xx_HAL_Driver/Src/stm32h7xx_hal_tim.o
 .text.TIM_TI2_ConfigInputStage
                0x000000000800a78a       0x60 ./Drivers/STM32H7xx_HAL_Driver/Src/stm32h7xx_hal_tim.o
 .text.TIM_ETR_SetConfig
                0x000000000800a7ea       0x40 ./Drivers/STM32H7xx_HAL_Driver/Src/stm32h7xx_hal_tim.o
                0x000000000800a7ea                TIM_ETR_SetConfig
 .text.TIM_CCxChannelCmd
                0x000000000800a82a       0x4a ./Drivers/STM32H7xx_HAL_Driver/Src/stm32h7xx_hal_tim.o
                0x000000000800a82a                TIM_CCxChannelCmd
 .text.HAL_UART_Init
                0x000000000800a874       0xa0 ./Drivers/STM32H7xx_HAL_Driver/Src/stm32h7xx_hal_uart.o
                0x000000000800a874                HAL_UART_Init
 .text.UART_SetConfig
                0x000000000800a914      0xcbc ./Drivers/STM32H7xx_HAL_Driver/Src/stm32h7xx_hal_uart.o
                0x000000000800a914                UART_SetConfig
 .text.UART_AdvFeatureConfig
                0x000000000800b5d0      0x144 ./Drivers/STM32H7xx_HAL_Driver/Src/stm32h7xx_hal_uart.o
                0x000000000800b5d0                UART_AdvFeatureConfig
 .text.UART_CheckIdleState
                0x000000000800b714       0x96 ./Drivers/STM32H7xx_HAL_Driver/Src/stm32h7xx_hal_uart.o
                0x000000000800b714                UART_CheckIdleState
 .text.UART_WaitOnFlagUntilTimeout
                0x000000000800b7aa      0x190 ./Drivers/STM32H7xx_HAL_Driver/Src/stm32h7xx_hal_uart.o
                0x000000000800b7aa                UART_WaitOnFlagUntilTimeout
 .text.HAL_UARTEx_DisableFifoMode
                0x000000000800b93a       0x72 ./Drivers/STM32H7xx_HAL_Driver/Src/stm32h7xx_hal_uart_ex.o
                0x000000000800b93a                HAL_UARTEx_DisableFifoMode
 .text.HAL_UARTEx_SetTxFifoThreshold
                0x000000000800b9ac       0x7c ./Drivers/STM32H7xx_HAL_Driver/Src/stm32h7xx_hal_uart_ex.o
                0x000000000800b9ac                HAL_UARTEx_SetTxFifoThreshold
 .text.HAL_UARTEx_SetRxFifoThreshold
                0x000000000800ba28       0x7c ./Drivers/STM32H7xx_HAL_Driver/Src/stm32h7xx_hal_uart_ex.o
                0x000000000800ba28                HAL_UARTEx_SetRxFifoThreshold
 .text.UARTEx_SetNbDataToProcess
                0x000000000800baa4       0x9c ./Drivers/STM32H7xx_HAL_Driver/Src/stm32h7xx_hal_uart_ex.o
 .text.SDMMC_Init
                0x000000000800bb40       0x54 ./Drivers/STM32H7xx_HAL_Driver/Src/stm32h7xx_ll_sdmmc.o
                0x000000000800bb40                SDMMC_Init
 .text.SDMMC_ReadFIFO
                0x000000000800bb94       0x1a ./Drivers/STM32H7xx_HAL_Driver/Src/stm32h7xx_ll_sdmmc.o
                0x000000000800bb94                SDMMC_ReadFIFO
 .text.SDMMC_WriteFIFO
                0x000000000800bbae       0x22 ./Drivers/STM32H7xx_HAL_Driver/Src/stm32h7xx_ll_sdmmc.o
                0x000000000800bbae                SDMMC_WriteFIFO
 .text.SDMMC_PowerState_ON
                0x000000000800bbd0       0x22 ./Drivers/STM32H7xx_HAL_Driver/Src/stm32h7xx_ll_sdmmc.o
                0x000000000800bbd0                SDMMC_PowerState_ON
 .text.SDMMC_GetPowerState
                0x000000000800bbf2       0x1c ./Drivers/STM32H7xx_HAL_Driver/Src/stm32h7xx_ll_sdmmc.o
                0x000000000800bbf2                SDMMC_GetPowerState
 *fill*         0x000000000800bc0e        0x2 
 .text.SDMMC_SendCommand
                0x000000000800bc10       0x54 ./Drivers/STM32H7xx_HAL_Driver/Src/stm32h7xx_ll_sdmmc.o
                0x000000000800bc10                SDMMC_SendCommand
 .text.SDMMC_GetCommandResponse
                0x000000000800bc64       0x1a ./Drivers/STM32H7xx_HAL_Driver/Src/stm32h7xx_ll_sdmmc.o
                0x000000000800bc64                SDMMC_GetCommandResponse
 .text.SDMMC_GetResponse
                0x000000000800bc7e       0x26 ./Drivers/STM32H7xx_HAL_Driver/Src/stm32h7xx_ll_sdmmc.o
                0x000000000800bc7e                SDMMC_GetResponse
 .text.SDMMC_ConfigData
                0x000000000800bca4       0x58 ./Drivers/STM32H7xx_HAL_Driver/Src/stm32h7xx_ll_sdmmc.o
                0x000000000800bca4                SDMMC_ConfigData
 .text.SDMMC_CmdBlockLength
                0x000000000800bcfc       0x46 ./Drivers/STM32H7xx_HAL_Driver/Src/stm32h7xx_ll_sdmmc.o
                0x000000000800bcfc                SDMMC_CmdBlockLength
 .text.SDMMC_CmdReadSingleBlock
                0x000000000800bd42       0x46 ./Drivers/STM32H7xx_HAL_Driver/Src/stm32h7xx_ll_sdmmc.o
                0x000000000800bd42                SDMMC_CmdReadSingleBlock
 .text.SDMMC_CmdReadMultiBlock
                0x000000000800bd88       0x46 ./Drivers/STM32H7xx_HAL_Driver/Src/stm32h7xx_ll_sdmmc.o
                0x000000000800bd88                SDMMC_CmdReadMultiBlock
 .text.SDMMC_CmdWriteSingleBlock
                0x000000000800bdce       0x46 ./Drivers/STM32H7xx_HAL_Driver/Src/stm32h7xx_ll_sdmmc.o
                0x000000000800bdce                SDMMC_CmdWriteSingleBlock
 .text.SDMMC_CmdWriteMultiBlock
                0x000000000800be14       0x46 ./Drivers/STM32H7xx_HAL_Driver/Src/stm32h7xx_ll_sdmmc.o
                0x000000000800be14                SDMMC_CmdWriteMultiBlock
 *fill*         0x000000000800be5a        0x2 
 .text.SDMMC_CmdStopTransfer
                0x000000000800be5c       0x78 ./Drivers/STM32H7xx_HAL_Driver/Src/stm32h7xx_ll_sdmmc.o
                0x000000000800be5c                SDMMC_CmdStopTransfer
 .text.SDMMC_CmdSelDesel
                0x000000000800bed4       0x46 ./Drivers/STM32H7xx_HAL_Driver/Src/stm32h7xx_ll_sdmmc.o
                0x000000000800bed4                SDMMC_CmdSelDesel
 .text.SDMMC_CmdGoIdleState
                0x000000000800bf1a       0x3c ./Drivers/STM32H7xx_HAL_Driver/Src/stm32h7xx_ll_sdmmc.o
                0x000000000800bf1a                SDMMC_CmdGoIdleState
 .text.SDMMC_CmdOperCond
                0x000000000800bf56       0x40 ./Drivers/STM32H7xx_HAL_Driver/Src/stm32h7xx_ll_sdmmc.o
                0x000000000800bf56                SDMMC_CmdOperCond
 .text.SDMMC_CmdAppCommand
                0x000000000800bf96       0x46 ./Drivers/STM32H7xx_HAL_Driver/Src/stm32h7xx_ll_sdmmc.o
                0x000000000800bf96                SDMMC_CmdAppCommand
 .text.SDMMC_CmdAppOperCommand
                0x000000000800bfdc       0x40 ./Drivers/STM32H7xx_HAL_Driver/Src/stm32h7xx_ll_sdmmc.o
                0x000000000800bfdc                SDMMC_CmdAppOperCommand
 .text.SDMMC_CmdBusWidth
                0x000000000800c01c       0x46 ./Drivers/STM32H7xx_HAL_Driver/Src/stm32h7xx_ll_sdmmc.o
                0x000000000800c01c                SDMMC_CmdBusWidth
 .text.SDMMC_CmdSendSCR
                0x000000000800c062       0x44 ./Drivers/STM32H7xx_HAL_Driver/Src/stm32h7xx_ll_sdmmc.o
                0x000000000800c062                SDMMC_CmdSendSCR
 .text.SDMMC_CmdSendCID
                0x000000000800c0a6       0x3e ./Drivers/STM32H7xx_HAL_Driver/Src/stm32h7xx_ll_sdmmc.o
                0x000000000800c0a6                SDMMC_CmdSendCID
 .text.SDMMC_CmdSendCSD
                0x000000000800c0e4       0x40 ./Drivers/STM32H7xx_HAL_Driver/Src/stm32h7xx_ll_sdmmc.o
                0x000000000800c0e4                SDMMC_CmdSendCSD
 .text.SDMMC_CmdSetRelAdd
                0x000000000800c124       0x44 ./Drivers/STM32H7xx_HAL_Driver/Src/stm32h7xx_ll_sdmmc.o
                0x000000000800c124                SDMMC_CmdSetRelAdd
 .text.SDMMC_CmdSendStatus
                0x000000000800c168       0x46 ./Drivers/STM32H7xx_HAL_Driver/Src/stm32h7xx_ll_sdmmc.o
                0x000000000800c168                SDMMC_CmdSendStatus
 .text.SDMMC_CmdStatusRegister
                0x000000000800c1ae       0x44 ./Drivers/STM32H7xx_HAL_Driver/Src/stm32h7xx_ll_sdmmc.o
                0x000000000800c1ae                SDMMC_CmdStatusRegister
 *fill*         0x000000000800c1f2        0x2 
 .text.SDMMC_GetCmdResp1
                0x000000000800c1f4      0x1e4 ./Drivers/STM32H7xx_HAL_Driver/Src/stm32h7xx_ll_sdmmc.o
                0x000000000800c1f4                SDMMC_GetCmdResp1
 .text.SDMMC_GetCmdResp2
                0x000000000800c3d8       0x94 ./Drivers/STM32H7xx_HAL_Driver/Src/stm32h7xx_ll_sdmmc.o
                0x000000000800c3d8                SDMMC_GetCmdResp2
 .text.SDMMC_GetCmdResp3
                0x000000000800c46c       0x80 ./Drivers/STM32H7xx_HAL_Driver/Src/stm32h7xx_ll_sdmmc.o
                0x000000000800c46c                SDMMC_GetCmdResp3
 .text.SDMMC_GetCmdResp6
                0x000000000800c4ec       0xf0 ./Drivers/STM32H7xx_HAL_Driver/Src/stm32h7xx_ll_sdmmc.o
                0x000000000800c4ec                SDMMC_GetCmdResp6
 .text.SDMMC_GetCmdResp7
                0x000000000800c5dc       0x9c ./Drivers/STM32H7xx_HAL_Driver/Src/stm32h7xx_ll_sdmmc.o
                0x000000000800c5dc                SDMMC_GetCmdResp7
 .text.SDMMC_GetCmdError
                0x000000000800c678       0x5c ./Drivers/STM32H7xx_HAL_Driver/Src/stm32h7xx_ll_sdmmc.o
 .text.MX_FATFS_Init
                0x000000000800c6d4       0x24 ./FATFS/App/fatfs.o
                0x000000000800c6d4                MX_FATFS_Init
 .text.BSP_SD_Init
                0x000000000800c6f8       0x30 ./FATFS/Target/bsp_driver_sd.o
                0x000000000800c6f8                BSP_SD_Init
 .text.BSP_SD_ReadBlocks
                0x000000000800c728       0x3c ./FATFS/Target/bsp_driver_sd.o
                0x000000000800c728                BSP_SD_ReadBlocks
 .text.BSP_SD_WriteBlocks
                0x000000000800c764       0x3c ./FATFS/Target/bsp_driver_sd.o
                0x000000000800c764                BSP_SD_WriteBlocks
 .text.BSP_SD_GetCardState
                0x000000000800c7a0       0x20 ./FATFS/Target/bsp_driver_sd.o
                0x000000000800c7a0                BSP_SD_GetCardState
 .text.BSP_SD_GetCardInfo
                0x000000000800c7c0       0x1c ./FATFS/Target/bsp_driver_sd.o
                0x000000000800c7c0                BSP_SD_GetCardInfo
 .text.HAL_SD_TxCpltCallback
                0x000000000800c7dc       0x14 ./FATFS/Target/bsp_driver_sd.o
                0x000000000800c7dc                HAL_SD_TxCpltCallback
 .text.HAL_SD_RxCpltCallback
                0x000000000800c7f0       0x14 ./FATFS/Target/bsp_driver_sd.o
                0x000000000800c7f0                HAL_SD_RxCpltCallback
 .text.BSP_SD_WriteCpltCallback
                0x000000000800c804        0xe ./FATFS/Target/bsp_driver_sd.o
                0x000000000800c804                BSP_SD_WriteCpltCallback
 .text.BSP_SD_ReadCpltCallback
                0x000000000800c812        0xe ./FATFS/Target/bsp_driver_sd.o
                0x000000000800c812                BSP_SD_ReadCpltCallback
 .text.BSP_SD_IsDetected
                0x000000000800c820       0x24 ./FATFS/Target/bsp_driver_sd.o
                0x000000000800c820                BSP_SD_IsDetected
 .text.BSP_PlatformIsDetected
                0x000000000800c844       0x2c ./FATFS/Target/fatfs_platform.o
                0x000000000800c844                BSP_PlatformIsDetected
 .text.SD_CheckStatus
                0x000000000800c870       0x3c ./FATFS/Target/sd_diskio.o
 .text.SD_initialize
                0x000000000800c8ac       0x3c ./FATFS/Target/sd_diskio.o
                0x000000000800c8ac                SD_initialize
 .text.SD_status
                0x000000000800c8e8       0x1c ./FATFS/Target/sd_diskio.o
                0x000000000800c8e8                SD_status
 .text.SD_read  0x000000000800c904       0x42 ./FATFS/Target/sd_diskio.o
                0x000000000800c904                SD_read
 .text.SD_write
                0x000000000800c946       0x42 ./FATFS/Target/sd_diskio.o
                0x000000000800c946                SD_write
 .text.SD_ioctl
                0x000000000800c988       0xb0 ./FATFS/Target/sd_diskio.o
                0x000000000800c988                SD_ioctl
 .text.FATFS_LinkDriverEx
                0x000000000800ca38       0x98 ./Middlewares/Third_Party/FatFs/src/ff_gen_drv.o
                0x000000000800ca38                FATFS_LinkDriverEx
 .text.FATFS_LinkDriver
                0x000000000800cad0       0x1e ./Middlewares/Third_Party/FatFs/src/ff_gen_drv.o
                0x000000000800cad0                FATFS_LinkDriver
 *fill*         0x000000000800caee        0x2 
 .text.__libc_init_array
                0x000000000800caf0       0x48 c:/st/stm32cubeide_1.8.0/stm32cubeide/plugins/com.st.stm32cube.ide.mcu.externaltools.gnu-tools-for-stm32.9-2020-q2-update.win32_2.0.0.202105311346/tools/bin/../lib/gcc/arm-none-eabi/9.3.1/../../../../arm-none-eabi/lib/thumb/v7e-m+dp/hard\libc_nano.a(lib_a-init.o)
                0x000000000800caf0                __libc_init_array
 .text.memset   0x000000000800cb38       0x10 c:/st/stm32cubeide_1.8.0/stm32cubeide/plugins/com.st.stm32cube.ide.mcu.externaltools.gnu-tools-for-stm32.9-2020-q2-update.win32_2.0.0.202105311346/tools/bin/../lib/gcc/arm-none-eabi/9.3.1/../../../../arm-none-eabi/lib/thumb/v7e-m+dp/hard\libc_nano.a(lib_a-memset.o)
                0x000000000800cb38                memset
 *(.glue_7)
 .glue_7        0x000000000800cb48        0x0 linker stubs
 *(.glue_7t)
 .glue_7t       0x000000000800cb48        0x0 linker stubs
 *(.eh_frame)
 .eh_frame      0x000000000800cb48        0x0 c:/st/stm32cubeide_1.8.0/stm32cubeide/plugins/com.st.stm32cube.ide.mcu.externaltools.gnu-tools-for-stm32.9-2020-q2-update.win32_2.0.0.202105311346/tools/bin/../lib/gcc/arm-none-eabi/9.3.1/thumb/v7e-m+dp/hard/crtbegin.o
 *(.init)
 .init          0x000000000800cb48        0x4 c:/st/stm32cubeide_1.8.0/stm32cubeide/plugins/com.st.stm32cube.ide.mcu.externaltools.gnu-tools-for-stm32.9-2020-q2-update.win32_2.0.0.202105311346/tools/bin/../lib/gcc/arm-none-eabi/9.3.1/thumb/v7e-m+dp/hard/crti.o
                0x000000000800cb48                _init
 .init          0x000000000800cb4c        0x8 c:/st/stm32cubeide_1.8.0/stm32cubeide/plugins/com.st.stm32cube.ide.mcu.externaltools.gnu-tools-for-stm32.9-2020-q2-update.win32_2.0.0.202105311346/tools/bin/../lib/gcc/arm-none-eabi/9.3.1/thumb/v7e-m+dp/hard/crtn.o
 *(.fini)
 .fini          0x000000000800cb54        0x4 c:/st/stm32cubeide_1.8.0/stm32cubeide/plugins/com.st.stm32cube.ide.mcu.externaltools.gnu-tools-for-stm32.9-2020-q2-update.win32_2.0.0.202105311346/tools/bin/../lib/gcc/arm-none-eabi/9.3.1/thumb/v7e-m+dp/hard/crti.o
                0x000000000800cb54                _fini
 .fini          0x000000000800cb58        0x8 c:/st/stm32cubeide_1.8.0/stm32cubeide/plugins/com.st.stm32cube.ide.mcu.externaltools.gnu-tools-for-stm32.9-2020-q2-update.win32_2.0.0.202105311346/tools/bin/../lib/gcc/arm-none-eabi/9.3.1/thumb/v7e-m+dp/hard/crtn.o
                0x000000000800cb60                . = ALIGN (0x4)
                0x000000000800cb60                _etext = .

.vfp11_veneer   0x000000000800cb60        0x0
 .vfp11_veneer  0x000000000800cb60        0x0 linker stubs

.v4_bx          0x000000000800cb60        0x0
 .v4_bx         0x000000000800cb60        0x0 linker stubs

.iplt           0x000000000800cb60        0x0
 .iplt          0x000000000800cb60        0x0 c:/st/stm32cubeide_1.8.0/stm32cubeide/plugins/com.st.stm32cube.ide.mcu.externaltools.gnu-tools-for-stm32.9-2020-q2-update.win32_2.0.0.202105311346/tools/bin/../lib/gcc/arm-none-eabi/9.3.1/thumb/v7e-m+dp/hard/crtbegin.o

.rodata         0x000000000800cb60       0x54
                0x000000000800cb60                . = ALIGN (0x4)
 *(.rodata)
 *(.rodata*)
 .rodata.D1CorePrescTable
                0x000000000800cb60       0x10 ./Core/Src/system_stm32h7xx.o
                0x000000000800cb60                D1CorePrescTable
 .rodata.flagBitshiftOffset.12188
                0x000000000800cb70        0x8 ./Drivers/STM32H7xx_HAL_Driver/Src/stm32h7xx_hal_dma.o
 .rodata.UARTPrescTable
                0x000000000800cb78       0x18 ./Drivers/STM32H7xx_HAL_Driver/Src/stm32h7xx_hal_uart.o
                0x000000000800cb78                UARTPrescTable
 .rodata.numerator.12155
                0x000000000800cb90        0x8 ./Drivers/STM32H7xx_HAL_Driver/Src/stm32h7xx_hal_uart_ex.o
 .rodata.denominator.12156
                0x000000000800cb98        0x8 ./Drivers/STM32H7xx_HAL_Driver/Src/stm32h7xx_hal_uart_ex.o
 .rodata.SD_Driver
                0x000000000800cba0       0x14 ./FATFS/Target/sd_diskio.o
                0x000000000800cba0                SD_Driver
                0x000000000800cbb4                . = ALIGN (0x4)

.ARM.extab
 *(.ARM.extab* .gnu.linkonce.armextab.*)

.ARM            0x000000000800cbb4        0x8
                0x000000000800cbb4                __exidx_start = .
 *(.ARM.exidx*)
 .ARM.exidx     0x000000000800cbb4        0x8 c:/st/stm32cubeide_1.8.0/stm32cubeide/plugins/com.st.stm32cube.ide.mcu.externaltools.gnu-tools-for-stm32.9-2020-q2-update.win32_2.0.0.202105311346/tools/bin/../lib/gcc/arm-none-eabi/9.3.1/thumb/v7e-m+dp/hard\libgcc.a(_udivmoddi4.o)
                0x000000000800cbbc                __exidx_end = .

.rel.dyn        0x000000000800cbbc        0x0
 .rel.iplt      0x000000000800cbbc        0x0 c:/st/stm32cubeide_1.8.0/stm32cubeide/plugins/com.st.stm32cube.ide.mcu.externaltools.gnu-tools-for-stm32.9-2020-q2-update.win32_2.0.0.202105311346/tools/bin/../lib/gcc/arm-none-eabi/9.3.1/thumb/v7e-m+dp/hard/crtbegin.o

.preinit_array  0x000000000800cbbc        0x0
                0x000000000800cbbc                PROVIDE (__preinit_array_start = .)
 *(.preinit_array*)
                0x000000000800cbbc                PROVIDE (__preinit_array_end = .)

.init_array     0x000000000800cbbc        0x4
                0x000000000800cbbc                PROVIDE (__init_array_start = .)
 *(SORT_BY_NAME(.init_array.*))
 *(.init_array*)
 .init_array    0x000000000800cbbc        0x4 c:/st/stm32cubeide_1.8.0/stm32cubeide/plugins/com.st.stm32cube.ide.mcu.externaltools.gnu-tools-for-stm32.9-2020-q2-update.win32_2.0.0.202105311346/tools/bin/../lib/gcc/arm-none-eabi/9.3.1/thumb/v7e-m+dp/hard/crtbegin.o
                0x000000000800cbc0                PROVIDE (__init_array_end = .)

.fini_array     0x000000000800cbc0        0x4
                [!provide]                        PROVIDE (__fini_array_start = .)
 *(SORT_BY_NAME(.fini_array.*))
 *(.fini_array*)
 .fini_array    0x000000000800cbc0        0x4 c:/st/stm32cubeide_1.8.0/stm32cubeide/plugins/com.st.stm32cube.ide.mcu.externaltools.gnu-tools-for-stm32.9-2020-q2-update.win32_2.0.0.202105311346/tools/bin/../lib/gcc/arm-none-eabi/9.3.1/thumb/v7e-m+dp/hard/crtbegin.o
                [!provide]                        PROVIDE (__fini_array_end = .)
                0x000000000800cbc4                _sidata = LOADADDR (.data)

.data           0x0000000024000000       0x10 load address 0x000000000800cbc4
                0x0000000024000000                . = ALIGN (0x4)
                0x0000000024000000                _sdata = .
 *(.data)
 *(.data*)
 .data.SystemCoreClock
                0x0000000024000000        0x4 ./Core/Src/system_stm32h7xx.o
                0x0000000024000000                SystemCoreClock
 .data.SystemD2Clock
                0x0000000024000004        0x4 ./Core/Src/system_stm32h7xx.o
                0x0000000024000004                SystemD2Clock
 .data.uwTickPrio
                0x0000000024000008        0x4 ./Drivers/STM32H7xx_HAL_Driver/Src/stm32h7xx_hal.o
                0x0000000024000008                uwTickPrio
 .data.uwTickFreq
                0x000000002400000c        0x1 ./Drivers/STM32H7xx_HAL_Driver/Src/stm32h7xx_hal.o
                0x000000002400000c                uwTickFreq
 .data.Stat     0x000000002400000d        0x1 ./FATFS/Target/sd_diskio.o
 *(.RamFunc)
 *(.RamFunc*)
                0x0000000024000010                . = ALIGN (0x4)
 *fill*         0x000000002400000e        0x2 
                0x0000000024000010                _edata = .

.igot.plt       0x0000000024000010        0x0 load address 0x000000000800cbd4
 .igot.plt      0x0000000024000010        0x0 c:/st/stm32cubeide_1.8.0/stm32cubeide/plugins/com.st.stm32cube.ide.mcu.externaltools.gnu-tools-for-stm32.9-2020-q2-update.win32_2.0.0.202105311346/tools/bin/../lib/gcc/arm-none-eabi/9.3.1/thumb/v7e-m+dp/hard/crtbegin.o
                0x0000000024000010                . = ALIGN (0x4)

.bss            0x0000000024000010     0x4314 load address 0x000000000800cbd4
                0x0000000024000010                _sbss = .
                0x0000000024000010                __bss_start__ = _sbss
 *(.bss)
 .bss           0x0000000024000010       0x1c c:/st/stm32cubeide_1.8.0/stm32cubeide/plugins/com.st.stm32cube.ide.mcu.externaltools.gnu-tools-for-stm32.9-2020-q2-update.win32_2.0.0.202105311346/tools/bin/../lib/gcc/arm-none-eabi/9.3.1/thumb/v7e-m+dp/hard/crtbegin.o
 *(.bss*)
 .bss.disk      0x000000002400002c        0xc ./Middlewares/Third_Party/FatFs/src/ff_gen_drv.o
                0x000000002400002c                disk
 *(COMMON)
 COMMON         0x0000000024000038     0x41dc ./Core/Src/log_application.o
                0x0000000024000038                newData
                0x0000000024000039                retSD
                0x000000002400003c                FileInf
                0x0000000024000054                s_DmaFlag
                0x0000000024000058                file
                0x0000000024001088                hadc1
                0x00000000240010ec                toggle_state
                0x00000000240010f0                SDPath
                0x00000000240010f4                DirInf
                0x0000000024001124                ADCxValues
                0x0000000024003124                htim1
                0x0000000024003170                result
                0x0000000024003174                htim2
                0x00000000240031c0                SDFatFS
                0x00000000240041f4                filePath
 COMMON         0x0000000024004214       0x7c ./Core/Src/sdmmc.o
                0x0000000024004214                hsd1
 COMMON         0x0000000024004290       0x90 ./Core/Src/usart.o
                0x0000000024004290                huart3
 COMMON         0x0000000024004320        0x4 ./Drivers/STM32H7xx_HAL_Driver/Src/stm32h7xx_hal.o
                0x0000000024004320                uwTick
                0x0000000024004324                . = ALIGN (0x4)
                0x0000000024004324                _ebss = .
                0x0000000024004324                __bss_end__ = _ebss

._user_heap_stack
                0x0000000024004324      0x604 load address 0x000000000800cbd4
                0x0000000024004328                . = ALIGN (0x8)
 *fill*         0x0000000024004324        0x4 
                [!provide]                        PROVIDE (end = .)
                0x0000000024004328                PROVIDE (_end = .)
                0x0000000024004528                . = (. + _Min_Heap_Size)
 *fill*         0x0000000024004328      0x200 
                0x0000000024004928                . = (. + _Min_Stack_Size)
 *fill*         0x0000000024004528      0x400 
                0x0000000024004928                . = ALIGN (0x8)

/DISCARD/
 libc.a(*)
 libm.a(*)
 libgcc.a(*)

.ARM.attributes
                0x0000000000000000       0x2e
 *(.ARM.attributes)
 .ARM.attributes
                0x0000000000000000       0x1e c:/st/stm32cubeide_1.8.0/stm32cubeide/plugins/com.st.stm32cube.ide.mcu.externaltools.gnu-tools-for-stm32.9-2020-q2-update.win32_2.0.0.202105311346/tools/bin/../lib/gcc/arm-none-eabi/9.3.1/thumb/v7e-m+dp/hard/crti.o
 .ARM.attributes
                0x000000000000001e       0x32 c:/st/stm32cubeide_1.8.0/stm32cubeide/plugins/com.st.stm32cube.ide.mcu.externaltools.gnu-tools-for-stm32.9-2020-q2-update.win32_2.0.0.202105311346/tools/bin/../lib/gcc/arm-none-eabi/9.3.1/thumb/v7e-m+dp/hard/crtbegin.o
 .ARM.attributes
                0x0000000000000050       0x32 ./Core/Src/adc.o
 .ARM.attributes
                0x0000000000000082       0x32 ./Core/Src/gpio.o
 .ARM.attributes
                0x00000000000000b4       0x32 ./Core/Src/log_application.o
 .ARM.attributes
                0x00000000000000e6       0x32 ./Core/Src/main.o
 .ARM.attributes
                0x0000000000000118       0x32 ./Core/Src/sdmmc.o
 .ARM.attributes
                0x000000000000014a       0x32 ./Core/Src/stm32h7xx_hal_msp.o
 .ARM.attributes
                0x000000000000017c       0x32 ./Core/Src/stm32h7xx_it.o
 .ARM.attributes
                0x00000000000001ae       0x32 ./Core/Src/system_stm32h7xx.o
 .ARM.attributes
                0x00000000000001e0       0x32 ./Core/Src/usart.o
 .ARM.attributes
                0x0000000000000212       0x32 ./Core/Src/usb_otg.o
 .ARM.attributes
                0x0000000000000244       0x21 ./Core/Startup/startup_stm32h7a3zitxq.o
 .ARM.attributes
                0x0000000000000265       0x32 ./Drivers/STM32H7xx_HAL_Driver/Src/stm32h7xx_hal.o
 .ARM.attributes
                0x0000000000000297       0x32 ./Drivers/STM32H7xx_HAL_Driver/Src/stm32h7xx_hal_adc.o
 .ARM.attributes
                0x00000000000002c9       0x32 ./Drivers/STM32H7xx_HAL_Driver/Src/stm32h7xx_hal_adc_ex.o
 .ARM.attributes
                0x00000000000002fb       0x32 ./Drivers/STM32H7xx_HAL_Driver/Src/stm32h7xx_hal_cortex.o
 .ARM.attributes
                0x000000000000032d       0x32 ./Drivers/STM32H7xx_HAL_Driver/Src/stm32h7xx_hal_dma.o
 .ARM.attributes
                0x000000000000035f       0x32 ./Drivers/STM32H7xx_HAL_Driver/Src/stm32h7xx_hal_gpio.o
 .ARM.attributes
                0x0000000000000391       0x32 ./Drivers/STM32H7xx_HAL_Driver/Src/stm32h7xx_hal_pwr_ex.o
 .ARM.attributes
                0x00000000000003c3       0x32 ./Drivers/STM32H7xx_HAL_Driver/Src/stm32h7xx_hal_rcc.o
 .ARM.attributes
                0x00000000000003f5       0x32 ./Drivers/STM32H7xx_HAL_Driver/Src/stm32h7xx_hal_rcc_ex.o
 .ARM.attributes
                0x0000000000000427       0x32 ./Drivers/STM32H7xx_HAL_Driver/Src/stm32h7xx_hal_sd.o
 .ARM.attributes
                0x0000000000000459       0x32 ./Drivers/STM32H7xx_HAL_Driver/Src/stm32h7xx_hal_tim.o
 .ARM.attributes
                0x000000000000048b       0x32 ./Drivers/STM32H7xx_HAL_Driver/Src/stm32h7xx_hal_uart.o
 .ARM.attributes
                0x00000000000004bd       0x32 ./Drivers/STM32H7xx_HAL_Driver/Src/stm32h7xx_hal_uart_ex.o
 .ARM.attributes
                0x00000000000004ef       0x32 ./Drivers/STM32H7xx_HAL_Driver/Src/stm32h7xx_ll_sdmmc.o
 .ARM.attributes
                0x0000000000000521       0x32 ./FATFS/App/fatfs.o
 .ARM.attributes
                0x0000000000000553       0x32 ./FATFS/Target/bsp_driver_sd.o
 .ARM.attributes
                0x0000000000000585       0x32 ./FATFS/Target/fatfs_platform.o
 .ARM.attributes
                0x00000000000005b7       0x32 ./FATFS/Target/sd_diskio.o
 .ARM.attributes
                0x00000000000005e9       0x32 ./Middlewares/Third_Party/FatFs/src/ff_gen_drv.o
 .ARM.attributes
                0x000000000000061b       0x32 c:/st/stm32cubeide_1.8.0/stm32cubeide/plugins/com.st.stm32cube.ide.mcu.externaltools.gnu-tools-for-stm32.9-2020-q2-update.win32_2.0.0.202105311346/tools/bin/../lib/gcc/arm-none-eabi/9.3.1/../../../../arm-none-eabi/lib/thumb/v7e-m+dp/hard\libc_nano.a(lib_a-init.o)
 .ARM.attributes
                0x000000000000064d       0x32 c:/st/stm32cubeide_1.8.0/stm32cubeide/plugins/com.st.stm32cube.ide.mcu.externaltools.gnu-tools-for-stm32.9-2020-q2-update.win32_2.0.0.202105311346/tools/bin/../lib/gcc/arm-none-eabi/9.3.1/../../../../arm-none-eabi/lib/thumb/v7e-m+dp/hard\libc_nano.a(lib_a-memset.o)
 .ARM.attributes
                0x000000000000067f       0x1e c:/st/stm32cubeide_1.8.0/stm32cubeide/plugins/com.st.stm32cube.ide.mcu.externaltools.gnu-tools-for-stm32.9-2020-q2-update.win32_2.0.0.202105311346/tools/bin/../lib/gcc/arm-none-eabi/9.3.1/thumb/v7e-m+dp/hard\libgcc.a(_aeabi_uldivmod.o)
 .ARM.attributes
                0x000000000000069d       0x32 c:/st/stm32cubeide_1.8.0/stm32cubeide/plugins/com.st.stm32cube.ide.mcu.externaltools.gnu-tools-for-stm32.9-2020-q2-update.win32_2.0.0.202105311346/tools/bin/../lib/gcc/arm-none-eabi/9.3.1/thumb/v7e-m+dp/hard\libgcc.a(_udivmoddi4.o)
 .ARM.attributes
                0x00000000000006cf       0x1e c:/st/stm32cubeide_1.8.0/stm32cubeide/plugins/com.st.stm32cube.ide.mcu.externaltools.gnu-tools-for-stm32.9-2020-q2-update.win32_2.0.0.202105311346/tools/bin/../lib/gcc/arm-none-eabi/9.3.1/thumb/v7e-m+dp/hard\libgcc.a(_dvmd_tls.o)
 .ARM.attributes
                0x00000000000006ed       0x1e c:/st/stm32cubeide_1.8.0/stm32cubeide/plugins/com.st.stm32cube.ide.mcu.externaltools.gnu-tools-for-stm32.9-2020-q2-update.win32_2.0.0.202105311346/tools/bin/../lib/gcc/arm-none-eabi/9.3.1/thumb/v7e-m+dp/hard/crtn.o
OUTPUT(H7_app_one_v1.elf elf32-littlearm)
LOAD linker stubs
LOAD c:/st/stm32cubeide_1.8.0/stm32cubeide/plugins/com.st.stm32cube.ide.mcu.externaltools.gnu-tools-for-stm32.9-2020-q2-update.win32_2.0.0.202105311346/tools/bin/../lib/gcc/arm-none-eabi/9.3.1/../../../../arm-none-eabi/lib/thumb/v7e-m+dp/hard\libc.a
LOAD c:/st/stm32cubeide_1.8.0/stm32cubeide/plugins/com.st.stm32cube.ide.mcu.externaltools.gnu-tools-for-stm32.9-2020-q2-update.win32_2.0.0.202105311346/tools/bin/../lib/gcc/arm-none-eabi/9.3.1/../../../../arm-none-eabi/lib/thumb/v7e-m+dp/hard\libm.a
LOAD c:/st/stm32cubeide_1.8.0/stm32cubeide/plugins/com.st.stm32cube.ide.mcu.externaltools.gnu-tools-for-stm32.9-2020-q2-update.win32_2.0.0.202105311346/tools/bin/../lib/gcc/arm-none-eabi/9.3.1/thumb/v7e-m+dp/hard\libgcc.a

.debug_info     0x0000000000000000    0x33ca3
 .debug_info    0x0000000000000000     0x1b01 ./Core/Src/adc.o
 .debug_info    0x0000000000001b01     0x1199 ./Core/Src/gpio.o
 .debug_info    0x0000000000002c9a     0x33de ./Core/Src/log_application.o
 .debug_info    0x0000000000006078     0x2520 ./Core/Src/main.o
 .debug_info    0x0000000000008598     0x1b89 ./Core/Src/sdmmc.o
 .debug_info    0x000000000000a121      0xfa2 ./Core/Src/stm32h7xx_hal_msp.o
 .debug_info    0x000000000000b0c3     0x1007 ./Core/Src/stm32h7xx_it.o
 .debug_info    0x000000000000c0ca     0x170a ./Core/Src/system_stm32h7xx.o
 .debug_info    0x000000000000d7d4     0x1a91 ./Core/Src/usart.o
 .debug_info    0x000000000000f265      0xb91 ./Core/Src/usb_otg.o
 .debug_info    0x000000000000fdf6       0x22 ./Core/Startup/startup_stm32h7a3zitxq.o
 .debug_info    0x000000000000fe18     0x1e3c ./Drivers/STM32H7xx_HAL_Driver/Src/stm32h7xx_hal.o
 .debug_info    0x0000000000011c54     0x2878 ./Drivers/STM32H7xx_HAL_Driver/Src/stm32h7xx_hal_adc.o
 .debug_info    0x00000000000144cc     0x29b8 ./Drivers/STM32H7xx_HAL_Driver/Src/stm32h7xx_hal_adc_ex.o
 .debug_info    0x0000000000016e84     0x1bf5 ./Drivers/STM32H7xx_HAL_Driver/Src/stm32h7xx_hal_cortex.o
 .debug_info    0x0000000000018a79     0x167d ./Drivers/STM32H7xx_HAL_Driver/Src/stm32h7xx_hal_dma.o
 .debug_info    0x000000000001a0f6     0x16a5 ./Drivers/STM32H7xx_HAL_Driver/Src/stm32h7xx_hal_gpio.o
 .debug_info    0x000000000001b79b     0x1a62 ./Drivers/STM32H7xx_HAL_Driver/Src/stm32h7xx_hal_pwr_ex.o
 .debug_info    0x000000000001d1fd     0x19a3 ./Drivers/STM32H7xx_HAL_Driver/Src/stm32h7xx_hal_rcc.o
 .debug_info    0x000000000001eba0     0x1cf0 ./Drivers/STM32H7xx_HAL_Driver/Src/stm32h7xx_hal_rcc_ex.o
 .debug_info    0x0000000000020890     0x2279 ./Drivers/STM32H7xx_HAL_Driver/Src/stm32h7xx_hal_sd.o
 .debug_info    0x0000000000022b09     0x37ca ./Drivers/STM32H7xx_HAL_Driver/Src/stm32h7xx_hal_tim.o
 .debug_info    0x00000000000262d3     0x55b2 ./Drivers/STM32H7xx_HAL_Driver/Src/stm32h7xx_hal_uart.o
 .debug_info    0x000000000002b885     0x19a9 ./Drivers/STM32H7xx_HAL_Driver/Src/stm32h7xx_hal_uart_ex.o
 .debug_info    0x000000000002d22e     0x1daf ./Drivers/STM32H7xx_HAL_Driver/Src/stm32h7xx_ll_sdmmc.o
 .debug_info    0x000000000002efdd      0xfd3 ./FATFS/App/fatfs.o
 .debug_info    0x000000000002ffb0     0x12a1 ./FATFS/Target/bsp_driver_sd.o
 .debug_info    0x0000000000031251      0xc6b ./FATFS/Target/fatfs_platform.o
 .debug_info    0x0000000000031ebc      0xf51 ./FATFS/Target/sd_diskio.o
 .debug_info    0x0000000000032e0d      0xe96 ./Middlewares/Third_Party/FatFs/src/ff_gen_drv.o

.debug_abbrev   0x0000000000000000     0x50a8
 .debug_abbrev  0x0000000000000000      0x292 ./Core/Src/adc.o
 .debug_abbrev  0x0000000000000292      0x23a ./Core/Src/gpio.o
 .debug_abbrev  0x00000000000004cc      0x39d ./Core/Src/log_application.o
 .debug_abbrev  0x0000000000000869      0x2b2 ./Core/Src/main.o
 .debug_abbrev  0x0000000000000b1b      0x276 ./Core/Src/sdmmc.o
 .debug_abbrev  0x0000000000000d91      0x220 ./Core/Src/stm32h7xx_hal_msp.o
 .debug_abbrev  0x0000000000000fb1      0x20f ./Core/Src/stm32h7xx_it.o
 .debug_abbrev  0x00000000000011c0      0x262 ./Core/Src/system_stm32h7xx.o
 .debug_abbrev  0x0000000000001422      0x276 ./Core/Src/usart.o
 .debug_abbrev  0x0000000000001698      0x1d5 ./Core/Src/usb_otg.o
 .debug_abbrev  0x000000000000186d       0x12 ./Core/Startup/startup_stm32h7a3zitxq.o
 .debug_abbrev  0x000000000000187f      0x31b ./Drivers/STM32H7xx_HAL_Driver/Src/stm32h7xx_hal.o
 .debug_abbrev  0x0000000000001b9a      0x31b ./Drivers/STM32H7xx_HAL_Driver/Src/stm32h7xx_hal_adc.o
 .debug_abbrev  0x0000000000001eb5      0x361 ./Drivers/STM32H7xx_HAL_Driver/Src/stm32h7xx_hal_adc_ex.o
 .debug_abbrev  0x0000000000002216      0x409 ./Drivers/STM32H7xx_HAL_Driver/Src/stm32h7xx_hal_cortex.o
 .debug_abbrev  0x000000000000261f      0x2c1 ./Drivers/STM32H7xx_HAL_Driver/Src/stm32h7xx_hal_dma.o
 .debug_abbrev  0x00000000000028e0      0x2cb ./Drivers/STM32H7xx_HAL_Driver/Src/stm32h7xx_hal_gpio.o
 .debug_abbrev  0x0000000000002bab      0x33f ./Drivers/STM32H7xx_HAL_Driver/Src/stm32h7xx_hal_pwr_ex.o
 .debug_abbrev  0x0000000000002eea      0x322 ./Drivers/STM32H7xx_HAL_Driver/Src/stm32h7xx_hal_rcc.o
 .debug_abbrev  0x000000000000320c      0x32e ./Drivers/STM32H7xx_HAL_Driver/Src/stm32h7xx_hal_rcc_ex.o
 .debug_abbrev  0x000000000000353a      0x2ee ./Drivers/STM32H7xx_HAL_Driver/Src/stm32h7xx_hal_sd.o
 .debug_abbrev  0x0000000000003828      0x2f9 ./Drivers/STM32H7xx_HAL_Driver/Src/stm32h7xx_hal_tim.o
 .debug_abbrev  0x0000000000003b21      0x38e ./Drivers/STM32H7xx_HAL_Driver/Src/stm32h7xx_hal_uart.o
 .debug_abbrev  0x0000000000003eaf      0x33d ./Drivers/STM32H7xx_HAL_Driver/Src/stm32h7xx_hal_uart_ex.o
 .debug_abbrev  0x00000000000041ec      0x2d3 ./Drivers/STM32H7xx_HAL_Driver/Src/stm32h7xx_ll_sdmmc.o
 .debug_abbrev  0x00000000000044bf      0x227 ./FATFS/App/fatfs.o
 .debug_abbrev  0x00000000000046e6      0x2ff ./FATFS/Target/bsp_driver_sd.o
 .debug_abbrev  0x00000000000049e5      0x1f7 ./FATFS/Target/fatfs_platform.o
 .debug_abbrev  0x0000000000004bdc      0x246 ./FATFS/Target/sd_diskio.o
 .debug_abbrev  0x0000000000004e22      0x286 ./Middlewares/Third_Party/FatFs/src/ff_gen_drv.o

.debug_aranges  0x0000000000000000     0x1858
 .debug_aranges
                0x0000000000000000       0x30 ./Core/Src/adc.o
 .debug_aranges
                0x0000000000000030       0x20 ./Core/Src/gpio.o
 .debug_aranges
                0x0000000000000050       0x88 ./Core/Src/log_application.o
 .debug_aranges
                0x00000000000000d8       0x30 ./Core/Src/main.o
 .debug_aranges
                0x0000000000000108       0x30 ./Core/Src/sdmmc.o
 .debug_aranges
                0x0000000000000138       0x20 ./Core/Src/stm32h7xx_hal_msp.o
 .debug_aranges
                0x0000000000000158       0x68 ./Core/Src/stm32h7xx_it.o
 .debug_aranges
                0x00000000000001c0       0x28 ./Core/Src/system_stm32h7xx.o
 .debug_aranges
                0x00000000000001e8       0x30 ./Core/Src/usart.o
 .debug_aranges
                0x0000000000000218       0x20 ./Core/Src/usb_otg.o
 .debug_aranges
                0x0000000000000238       0x28 ./Core/Startup/startup_stm32h7a3zitxq.o
 .debug_aranges
                0x0000000000000260      0x1a0 ./Drivers/STM32H7xx_HAL_Driver/Src/stm32h7xx_hal.o
 .debug_aranges
                0x0000000000000400      0x228 ./Drivers/STM32H7xx_HAL_Driver/Src/stm32h7xx_hal_adc.o
 .debug_aranges
                0x0000000000000628      0x1d8 ./Drivers/STM32H7xx_HAL_Driver/Src/stm32h7xx_hal_adc_ex.o
 .debug_aranges
                0x0000000000000800      0x120 ./Drivers/STM32H7xx_HAL_Driver/Src/stm32h7xx_hal_cortex.o
 .debug_aranges
                0x0000000000000920       0xa0 ./Drivers/STM32H7xx_HAL_Driver/Src/stm32h7xx_hal_dma.o
 .debug_aranges
                0x00000000000009c0       0x58 ./Drivers/STM32H7xx_HAL_Driver/Src/stm32h7xx_hal_gpio.o
 .debug_aranges
                0x0000000000000a18      0x188 ./Drivers/STM32H7xx_HAL_Driver/Src/stm32h7xx_hal_pwr_ex.o
 .debug_aranges
                0x0000000000000ba0       0x88 ./Drivers/STM32H7xx_HAL_Driver/Src/stm32h7xx_hal_rcc.o
 .debug_aranges
                0x0000000000000c28       0xf0 ./Drivers/STM32H7xx_HAL_Driver/Src/stm32h7xx_hal_rcc_ex.o
 .debug_aranges
                0x0000000000000d18      0x170 ./Drivers/STM32H7xx_HAL_Driver/Src/stm32h7xx_hal_sd.o
 .debug_aranges
                0x0000000000000e88      0x3e0 ./Drivers/STM32H7xx_HAL_Driver/Src/stm32h7xx_hal_tim.o
 .debug_aranges
                0x0000000000001268      0x248 ./Drivers/STM32H7xx_HAL_Driver/Src/stm32h7xx_hal_uart.o
 .debug_aranges
                0x00000000000014b0       0xa0 ./Drivers/STM32H7xx_HAL_Driver/Src/stm32h7xx_hal_uart_ex.o
 .debug_aranges
                0x0000000000001550      0x1a0 ./Drivers/STM32H7xx_HAL_Driver/Src/stm32h7xx_ll_sdmmc.o
 .debug_aranges
                0x00000000000016f0       0x28 ./FATFS/App/fatfs.o
 .debug_aranges
                0x0000000000001718       0x98 ./FATFS/Target/bsp_driver_sd.o
 .debug_aranges
                0x00000000000017b0       0x20 ./FATFS/Target/fatfs_platform.o
 .debug_aranges
                0x00000000000017d0       0x48 ./FATFS/Target/sd_diskio.o
 .debug_aranges
                0x0000000000001818       0x40 ./Middlewares/Third_Party/FatFs/src/ff_gen_drv.o

.debug_ranges   0x0000000000000000     0x16b0
 .debug_ranges  0x0000000000000000       0x20 ./Core/Src/adc.o
 .debug_ranges  0x0000000000000020       0x10 ./Core/Src/gpio.o
 .debug_ranges  0x0000000000000030       0x78 ./Core/Src/log_application.o
 .debug_ranges  0x00000000000000a8       0x20 ./Core/Src/main.o
 .debug_ranges  0x00000000000000c8       0x20 ./Core/Src/sdmmc.o
 .debug_ranges  0x00000000000000e8       0x10 ./Core/Src/stm32h7xx_hal_msp.o
 .debug_ranges  0x00000000000000f8       0x58 ./Core/Src/stm32h7xx_it.o
 .debug_ranges  0x0000000000000150       0x18 ./Core/Src/system_stm32h7xx.o
 .debug_ranges  0x0000000000000168       0x20 ./Core/Src/usart.o
 .debug_ranges  0x0000000000000188       0x10 ./Core/Src/usb_otg.o
 .debug_ranges  0x0000000000000198       0x20 ./Core/Startup/startup_stm32h7a3zitxq.o
 .debug_ranges  0x00000000000001b8      0x190 ./Drivers/STM32H7xx_HAL_Driver/Src/stm32h7xx_hal.o
 .debug_ranges  0x0000000000000348      0x218 ./Drivers/STM32H7xx_HAL_Driver/Src/stm32h7xx_hal_adc.o
 .debug_ranges  0x0000000000000560      0x1c8 ./Drivers/STM32H7xx_HAL_Driver/Src/stm32h7xx_hal_adc_ex.o
 .debug_ranges  0x0000000000000728      0x110 ./Drivers/STM32H7xx_HAL_Driver/Src/stm32h7xx_hal_cortex.o
 .debug_ranges  0x0000000000000838       0x90 ./Drivers/STM32H7xx_HAL_Driver/Src/stm32h7xx_hal_dma.o
 .debug_ranges  0x00000000000008c8       0x48 ./Drivers/STM32H7xx_HAL_Driver/Src/stm32h7xx_hal_gpio.o
 .debug_ranges  0x0000000000000910      0x178 ./Drivers/STM32H7xx_HAL_Driver/Src/stm32h7xx_hal_pwr_ex.o
 .debug_ranges  0x0000000000000a88       0x78 ./Drivers/STM32H7xx_HAL_Driver/Src/stm32h7xx_hal_rcc.o
 .debug_ranges  0x0000000000000b00       0xe0 ./Drivers/STM32H7xx_HAL_Driver/Src/stm32h7xx_hal_rcc_ex.o
 .debug_ranges  0x0000000000000be0      0x160 ./Drivers/STM32H7xx_HAL_Driver/Src/stm32h7xx_hal_sd.o
 .debug_ranges  0x0000000000000d40      0x3d0 ./Drivers/STM32H7xx_HAL_Driver/Src/stm32h7xx_hal_tim.o
 .debug_ranges  0x0000000000001110      0x268 ./Drivers/STM32H7xx_HAL_Driver/Src/stm32h7xx_hal_uart.o
 .debug_ranges  0x0000000000001378       0x90 ./Drivers/STM32H7xx_HAL_Driver/Src/stm32h7xx_hal_uart_ex.o
 .debug_ranges  0x0000000000001408      0x190 ./Drivers/STM32H7xx_HAL_Driver/Src/stm32h7xx_ll_sdmmc.o
 .debug_ranges  0x0000000000001598       0x18 ./FATFS/App/fatfs.o
 .debug_ranges  0x00000000000015b0       0x88 ./FATFS/Target/bsp_driver_sd.o
 .debug_ranges  0x0000000000001638       0x10 ./FATFS/Target/fatfs_platform.o
 .debug_ranges  0x0000000000001648       0x38 ./FATFS/Target/sd_diskio.o
 .debug_ranges  0x0000000000001680       0x30 ./Middlewares/Third_Party/FatFs/src/ff_gen_drv.o

.debug_macro    0x0000000000000000    0x35bed
 .debug_macro   0x0000000000000000      0x31a ./Core/Src/adc.o
 .debug_macro   0x000000000000031a      0xac0 ./Core/Src/adc.o
 .debug_macro   0x0000000000000dda      0x244 ./Core/Src/adc.o
 .debug_macro   0x000000000000101e       0x2e ./Core/Src/adc.o
 .debug_macro   0x000000000000104c       0x42 ./Core/Src/adc.o
 .debug_macro   0x000000000000108e       0x22 ./Core/Src/adc.o
 .debug_macro   0x00000000000010b0       0x8e ./Core/Src/adc.o
 .debug_macro   0x000000000000113e       0x51 ./Core/Src/adc.o
 .debug_macro   0x000000000000118f      0x103 ./Core/Src/adc.o
 .debug_macro   0x0000000000001292       0x6a ./Core/Src/adc.o
 .debug_macro   0x00000000000012fc      0x1df ./Core/Src/adc.o
 .debug_macro   0x00000000000014db       0x1c ./Core/Src/adc.o
 .debug_macro   0x00000000000014f7       0x22 ./Core/Src/adc.o
 .debug_macro   0x0000000000001519      0x101 ./Core/Src/adc.o
 .debug_macro   0x000000000000161a     0x1305 ./Core/Src/adc.o
 .debug_macro   0x000000000000291f      0x11f ./Core/Src/adc.o
 .debug_macro   0x0000000000002a3e       0x27 ./Core/Src/adc.o
 .debug_macro   0x0000000000002a65    0x1e8b9 ./Core/Src/adc.o
 .debug_macro   0x000000000002131e       0x6d ./Core/Src/adc.o
 .debug_macro   0x000000000002138b     0x3d25 ./Core/Src/adc.o
 .debug_macro   0x00000000000250b0      0x174 ./Core/Src/adc.o
 .debug_macro   0x0000000000025224       0x52 ./Core/Src/adc.o
 .debug_macro   0x0000000000025276       0x17 ./Core/Src/adc.o
 .debug_macro   0x000000000002528d       0x3c ./Core/Src/adc.o
 .debug_macro   0x00000000000252c9       0x34 ./Core/Src/adc.o
 .debug_macro   0x00000000000252fd       0x16 ./Core/Src/adc.o
 .debug_macro   0x0000000000025313       0x43 ./Core/Src/adc.o
 .debug_macro   0x0000000000025356       0x34 ./Core/Src/adc.o
 .debug_macro   0x000000000002538a       0x10 ./Core/Src/adc.o
 .debug_macro   0x000000000002539a       0x58 ./Core/Src/adc.o
 .debug_macro   0x00000000000253f2       0x71 ./Core/Src/adc.o
 .debug_macro   0x0000000000025463       0x1c ./Core/Src/adc.o
 .debug_macro   0x000000000002547f      0x12a ./Core/Src/adc.o
 .debug_macro   0x00000000000255a9      0x333 ./Core/Src/adc.o
 .debug_macro   0x00000000000258dc      0x1a9 ./Core/Src/adc.o
 .debug_macro   0x0000000000025a85       0x5d ./Core/Src/adc.o
 .debug_macro   0x0000000000025ae2     0x24ee ./Core/Src/adc.o
 .debug_macro   0x0000000000027fd0     0x1010 ./Core/Src/adc.o
 .debug_macro   0x0000000000028fe0      0x14d ./Core/Src/adc.o
 .debug_macro   0x000000000002912d      0x114 ./Core/Src/adc.o
 .debug_macro   0x0000000000029241      0x3bf ./Core/Src/adc.o
 .debug_macro   0x0000000000029600       0xac ./Core/Src/adc.o
 .debug_macro   0x00000000000296ac      0x70a ./Core/Src/adc.o
 .debug_macro   0x0000000000029db6      0x20c ./Core/Src/adc.o
 .debug_macro   0x0000000000029fc2       0x66 ./Core/Src/adc.o
 .debug_macro   0x000000000002a028      0x3c9 ./Core/Src/adc.o
 .debug_macro   0x000000000002a3f1      0x3eb ./Core/Src/adc.o
 .debug_macro   0x000000000002a7dc      0x275 ./Core/Src/adc.o
 .debug_macro   0x000000000002aa51     0x1021 ./Core/Src/adc.o
 .debug_macro   0x000000000002ba72      0x6be ./Core/Src/adc.o
 .debug_macro   0x000000000002c130      0x34b ./Core/Src/adc.o
 .debug_macro   0x000000000002c47b      0x6c8 ./Core/Src/adc.o
 .debug_macro   0x000000000002cb43      0x520 ./Core/Src/adc.o
 .debug_macro   0x000000000002d063       0x58 ./Core/Src/adc.o
 .debug_macro   0x000000000002d0bb       0x4a ./Core/Src/adc.o
 .debug_macro   0x000000000002d105      0x22c ./Core/Src/adc.o
 .debug_macro   0x000000000002d331       0x67 ./Core/Src/adc.o
 .debug_macro   0x000000000002d398       0xa5 ./Core/Src/adc.o
 .debug_macro   0x000000000002d43d      0x1bd ./Core/Src/adc.o
 .debug_macro   0x000000000002d5fa      0x2dc ./Core/Src/adc.o
 .debug_macro   0x000000000002d8d6       0x35 ./Core/Src/adc.o
 .debug_macro   0x000000000002d90b      0x81b ./Core/Src/adc.o
 .debug_macro   0x000000000002e126       0x16 ./Core/Src/adc.o
 .debug_macro   0x000000000002e13c      0x1ce ./Core/Src/adc.o
 .debug_macro   0x000000000002e30a      0xb01 ./Core/Src/adc.o
 .debug_macro   0x000000000002ee0b      0x29f ./Core/Src/adc.o
 .debug_macro   0x000000000002f0aa      0x67e ./Core/Src/adc.o
 .debug_macro   0x000000000002f728       0xa6 ./Core/Src/adc.o
 .debug_macro   0x000000000002f7ce      0x5be ./Core/Src/adc.o
 .debug_macro   0x000000000002fd8c       0x10 ./Core/Src/adc.o
 .debug_macro   0x000000000002fd9c       0xc4 ./Core/Src/adc.o
 .debug_macro   0x000000000002fe60      0x31a ./Core/Src/gpio.o
 .debug_macro   0x000000000003017a      0x404 ./Core/Src/log_application.o
 .debug_macro   0x000000000003057e       0x1c ./Core/Src/log_application.o
 .debug_macro   0x000000000003059a       0x40 ./Core/Src/log_application.o
 .debug_macro   0x00000000000305da       0xe5 ./Core/Src/log_application.o
 .debug_macro   0x00000000000306bf       0x16 ./Core/Src/log_application.o
 .debug_macro   0x00000000000306d5       0x35 ./Core/Src/log_application.o
 .debug_macro   0x000000000003070a       0x16 ./Core/Src/log_application.o
 .debug_macro   0x0000000000030720       0x29 ./Core/Src/log_application.o
 .debug_macro   0x0000000000030749       0x12 ./Core/Src/log_application.o
 .debug_macro   0x000000000003075b       0xe2 ./Core/Src/log_application.o
 .debug_macro   0x000000000003083d       0x8e ./Core/Src/log_application.o
 .debug_macro   0x00000000000308cb      0x3eb ./Core/Src/main.o
 .debug_macro   0x0000000000030cb6      0x31a ./Core/Src/sdmmc.o
 .debug_macro   0x0000000000030fd0      0x310 ./Core/Src/stm32h7xx_hal_msp.o
 .debug_macro   0x00000000000312e0      0x31a ./Core/Src/stm32h7xx_it.o
 .debug_macro   0x00000000000315fa      0x2f8 ./Core/Src/system_stm32h7xx.o
 .debug_macro   0x00000000000318f2      0x31a ./Core/Src/usart.o
 .debug_macro   0x0000000000031c0c      0x31a ./Core/Src/usb_otg.o
 .debug_macro   0x0000000000031f26      0x322 ./Drivers/STM32H7xx_HAL_Driver/Src/stm32h7xx_hal.o
 .debug_macro   0x0000000000032248      0x31c ./Drivers/STM32H7xx_HAL_Driver/Src/stm32h7xx_hal_adc.o
 .debug_macro   0x0000000000032564      0x304 ./Drivers/STM32H7xx_HAL_Driver/Src/stm32h7xx_hal_adc_ex.o
 .debug_macro   0x0000000000032868      0x2f8 ./Drivers/STM32H7xx_HAL_Driver/Src/stm32h7xx_hal_cortex.o
 .debug_macro   0x0000000000032b60      0x34b ./Drivers/STM32H7xx_HAL_Driver/Src/stm32h7xx_hal_dma.o
 .debug_macro   0x0000000000032eab      0x2ff ./Drivers/STM32H7xx_HAL_Driver/Src/stm32h7xx_hal_gpio.o
 .debug_macro   0x00000000000331aa      0x331 ./Drivers/STM32H7xx_HAL_Driver/Src/stm32h7xx_hal_pwr_ex.o
 .debug_macro   0x00000000000334db      0x31c ./Drivers/STM32H7xx_HAL_Driver/Src/stm32h7xx_hal_rcc.o
 .debug_macro   0x00000000000337f7      0x316 ./Drivers/STM32H7xx_HAL_Driver/Src/stm32h7xx_hal_rcc_ex.o
 .debug_macro   0x0000000000033b0d      0x315 ./Drivers/STM32H7xx_HAL_Driver/Src/stm32h7xx_hal_sd.o
 .debug_macro   0x0000000000033e22      0x2f9 ./Drivers/STM32H7xx_HAL_Driver/Src/stm32h7xx_hal_tim.o
 .debug_macro   0x000000000003411b      0x323 ./Drivers/STM32H7xx_HAL_Driver/Src/stm32h7xx_hal_uart.o
 .debug_macro   0x000000000003443e      0x304 ./Drivers/STM32H7xx_HAL_Driver/Src/stm32h7xx_hal_uart_ex.o
 .debug_macro   0x0000000000034742      0x2f9 ./Drivers/STM32H7xx_HAL_Driver/Src/stm32h7xx_ll_sdmmc.o
 .debug_macro   0x0000000000034a3b      0x3b5 ./FATFS/App/fatfs.o
 .debug_macro   0x0000000000034df0      0x310 ./FATFS/Target/bsp_driver_sd.o
 .debug_macro   0x0000000000035100      0x301 ./FATFS/Target/fatfs_platform.o
 .debug_macro   0x0000000000035401      0x3b8 ./FATFS/Target/sd_diskio.o
 .debug_macro   0x00000000000357b9       0x16 ./FATFS/Target/sd_diskio.o
 .debug_macro   0x00000000000357cf       0x7c ./FATFS/Target/sd_diskio.o
 .debug_macro   0x000000000003584b      0x3a2 ./Middlewares/Third_Party/FatFs/src/ff_gen_drv.o

.debug_line     0x0000000000000000    0x22d71
 .debug_line    0x0000000000000000      0x9c4 ./Core/Src/adc.o
 .debug_line    0x00000000000009c4      0x992 ./Core/Src/gpio.o
 .debug_line    0x0000000000001356      0xe2c ./Core/Src/log_application.o
 .debug_line    0x0000000000002182      0xacd ./Core/Src/main.o
 .debug_line    0x0000000000002c4f      0x9b0 ./Core/Src/sdmmc.o
 .debug_line    0x00000000000035ff      0x919 ./Core/Src/stm32h7xx_hal_msp.o
 .debug_line    0x0000000000003f18      0x9f5 ./Core/Src/stm32h7xx_it.o
 .debug_line    0x000000000000490d      0xaad ./Core/Src/system_stm32h7xx.o
 .debug_line    0x00000000000053ba      0x9bb ./Core/Src/usart.o
 .debug_line    0x0000000000005d75      0x919 ./Core/Src/usb_otg.o
 .debug_line    0x000000000000668e       0x89 ./Core/Startup/startup_stm32h7a3zitxq.o
 .debug_line    0x0000000000006717      0xec0 ./Drivers/STM32H7xx_HAL_Driver/Src/stm32h7xx_hal.o
 .debug_line    0x00000000000075d7     0x2104 ./Drivers/STM32H7xx_HAL_Driver/Src/stm32h7xx_hal_adc.o
 .debug_line    0x00000000000096db     0x1dd2 ./Drivers/STM32H7xx_HAL_Driver/Src/stm32h7xx_hal_adc_ex.o
 .debug_line    0x000000000000b4ad      0xeb9 ./Drivers/STM32H7xx_HAL_Driver/Src/stm32h7xx_hal_cortex.o
 .debug_line    0x000000000000c366     0x2927 ./Drivers/STM32H7xx_HAL_Driver/Src/stm32h7xx_hal_dma.o
 .debug_line    0x000000000000ec8d      0xd76 ./Drivers/STM32H7xx_HAL_Driver/Src/stm32h7xx_hal_gpio.o
 .debug_line    0x000000000000fa03     0x1041 ./Drivers/STM32H7xx_HAL_Driver/Src/stm32h7xx_hal_pwr_ex.o
 .debug_line    0x0000000000010a44     0x13bd ./Drivers/STM32H7xx_HAL_Driver/Src/stm32h7xx_hal_rcc.o
 .debug_line    0x0000000000011e01     0x1aeb ./Drivers/STM32H7xx_HAL_Driver/Src/stm32h7xx_hal_rcc_ex.o
 .debug_line    0x00000000000138ec     0x20bf ./Drivers/STM32H7xx_HAL_Driver/Src/stm32h7xx_hal_sd.o
 .debug_line    0x00000000000159ab     0x3f71 ./Drivers/STM32H7xx_HAL_Driver/Src/stm32h7xx_hal_tim.o
 .debug_line    0x000000000001991c     0x3f7d ./Drivers/STM32H7xx_HAL_Driver/Src/stm32h7xx_hal_uart.o
 .debug_line    0x000000000001d899      0xf91 ./Drivers/STM32H7xx_HAL_Driver/Src/stm32h7xx_hal_uart_ex.o
 .debug_line    0x000000000001e82a     0x11e8 ./Drivers/STM32H7xx_HAL_Driver/Src/stm32h7xx_ll_sdmmc.o
 .debug_line    0x000000000001fa12      0x9ff ./FATFS/App/fatfs.o
 .debug_line    0x0000000000020411      0xad4 ./FATFS/Target/bsp_driver_sd.o
 .debug_line    0x0000000000020ee5      0x91b ./FATFS/Target/fatfs_platform.o
 .debug_line    0x0000000000021800      0xae3 ./FATFS/Target/sd_diskio.o
 .debug_line    0x00000000000222e3      0xa8e ./Middlewares/Third_Party/FatFs/src/ff_gen_drv.o

.debug_str      0x0000000000000000   0x159b65
 .debug_str     0x0000000000000000   0x15162f ./Core/Src/adc.o